\BOOKMARK [0][-]{chapter*.2}{\376\377\000P\000r\000e\000f\000a\000c\000e}{}% 1
\BOOKMARK [-1][-]{part.1}{\376\377\000I\000\040\000F\000o\000u\000n\000d\000a\000t\000i\000o\000n\000s\000\040\000o\000f\000\040\000C\000o\000m\000m\000u\000n\000i\000c\000a\000t\000i\000n\000g\000\040\000P\000r\000o\000c\000e\000s\000s\000e\000s}{}% 2
\BOOKMARK [0][-]{chapter.1}{\376\377\000W\000h\000y\000\040\000C\000o\000n\000c\000u\000r\000r\000e\000n\000c\000y\000\040\000I\000s\000\040\000H\000a\000r\000d}{part.1}% 3
\BOOKMARK [1][-]{section.1.1}{\376\377\000T\000h\000e\000\040\000P\000r\000o\000b\000l\000e\000m}{chapter.1}% 4
\BOOKMARK [1][-]{section.1.2}{\376\377\000C\000o\000n\000c\000u\000r\000r\000e\000n\000c\000y\000\040\000i\000n\000\040\000N\000o\000d\000e\000.\000j\000s}{chapter.1}% 5
\BOOKMARK [2][-]{subsection.1.2.1}{\376\377\000T\000h\000e\000\040\000E\000v\000e\000n\000t\000\040\000L\000o\000o\000p}{section.1.2}% 6
\BOOKMARK [2][-]{subsection.1.2.2}{\376\377\000W\000o\000r\000k\000e\000r\000\040\000T\000h\000r\000e\000a\000d\000s}{section.1.2}% 7
\BOOKMARK [1][-]{section.1.3}{\376\377\000W\000h\000a\000t\000\040\000C\000a\000n\000\040\000G\000o\000\040\000W\000r\000o\000n\000g}{chapter.1}% 8
\BOOKMARK [2][-]{subsection.1.3.1}{\376\377\000R\000a\000c\000e\000\040\000C\000o\000n\000d\000i\000t\000i\000o\000n\000s}{section.1.3}% 9
\BOOKMARK [2][-]{subsection.1.3.2}{\376\377\000D\000e\000a\000d\000l\000o\000c\000k}{section.1.3}% 10
\BOOKMARK [1][-]{section.1.4}{\376\377\000T\000h\000e\000\040\000W\000a\000y\000\040\000F\000o\000r\000w\000a\000r\000d}{chapter.1}% 11
\BOOKMARK [0][-]{chapter.2}{\376\377\000L\000a\000b\000e\000l\000e\000d\000\040\000T\000r\000a\000n\000s\000i\000t\000i\000o\000n\000\040\000S\000y\000s\000t\000e\000m\000s}{part.1}% 12
\BOOKMARK [1][-]{section.2.1}{\376\377\000P\000r\000o\000c\000e\000s\000s\000e\000s\000\040\000a\000s\000\040\000S\000t\000a\000t\000e\000\040\000M\000a\000c\000h\000i\000n\000e\000s}{chapter.2}% 13
\BOOKMARK [1][-]{section.2.2}{\376\377\000T\000r\000a\000c\000e\000s}{chapter.2}% 14
\BOOKMARK [1][-]{section.2.3}{\376\377\000E\000x\000a\000m\000p\000l\000e\000:\000\040\000A\000\040\000V\000e\000n\000d\000i\000n\000g\000\040\000M\000a\000c\000h\000i\000n\000e}{chapter.2}% 15
\BOOKMARK [1][-]{section.2.4}{\376\377\000D\000e\000t\000e\000r\000m\000i\000n\000i\000s\000m\000\040\000a\000n\000d\000\040\000N\000o\000n\000d\000e\000t\000e\000r\000m\000i\000n\000i\000s\000m}{chapter.2}% 16
\BOOKMARK [0][-]{chapter.3}{\376\377\000C\000C\000S\000\040\040\024\000\040\000T\000h\000e\000\040\000C\000a\000l\000c\000u\000l\000u\000s\000\040\000o\000f\000\040\000C\000o\000m\000m\000u\000n\000i\000c\000a\000t\000i\000n\000g\000\040\000S\000y\000s\000t\000e\000m\000s}{part.1}% 17
\BOOKMARK [1][-]{section.3.1}{\376\377\000R\000o\000b\000i\000n\000\040\000M\000i\000l\000n\000e\000r\000\040\000a\000n\000d\000\040\000t\000h\000e\000\040\000Q\000u\000e\000s\000t\000\040\000f\000o\000r\000\040\000a\000\040\000T\000h\000e\000o\000r\000y}{chapter.3}% 18
\BOOKMARK [1][-]{section.3.2}{\376\377\000C\000C\000S\000\040\000S\000y\000n\000t\000a\000x}{chapter.3}% 19
\BOOKMARK [1][-]{section.3.3}{\376\377\000O\000p\000e\000r\000a\000t\000i\000o\000n\000a\000l\000\040\000S\000e\000m\000a\000n\000t\000i\000c\000s}{chapter.3}% 20
\BOOKMARK [1][-]{section.3.4}{\376\377\000T\000h\000e\000\040\000C\000o\000m\000m\000u\000n\000i\000c\000a\000t\000i\000o\000n\000\040\000R\000u\000l\000e}{chapter.3}% 21
\BOOKMARK [2][-]{subsection.3.4.1}{\376\377\000W\000o\000r\000k\000e\000d\000\040\000E\000x\000a\000m\000p\000l\000e\000:\000\040\000R\000e\000q\000u\000e\000s\000t\000-\000R\000e\000s\000p\000o\000n\000s\000e}{section.3.4}% 22
\BOOKMARK [2][-]{subsection.3.4.2}{\376\377\000T\000h\000e\000\040\000N\000o\000d\000e\000.\000j\000s\000\040\000M\000a\000p\000p\000i\000n\000g}{section.3.4}% 23
\BOOKMARK [0][-]{chapter.4}{\376\377\000B\000i\000s\000i\000m\000u\000l\000a\000t\000i\000o\000n\000\040\040\024\000\040\000W\000h\000e\000n\000\040\000A\000r\000e\000\040\000T\000w\000o\000\040\000S\000y\000s\000t\000e\000m\000s\000\040\000`\000`\000T\000h\000e\000\040\000S\000a\000m\000e\000'\000'\000?}{part.1}% 24
\BOOKMARK [1][-]{section.4.1}{\376\377\000T\000h\000e\000\040\000C\000o\000f\000f\000e\000e\000\040\000M\000a\000c\000h\000i\000n\000e\000\040\000P\000r\000o\000b\000l\000e\000m}{chapter.4}% 25
\BOOKMARK [1][-]{section.4.2}{\376\377\000B\000i\000s\000i\000m\000u\000l\000a\000t\000i\000o\000n}{chapter.4}% 26
\BOOKMARK [1][-]{section.4.3}{\376\377\000B\000i\000s\000i\000m\000u\000l\000a\000t\000i\000o\000n\000\040\000a\000s\000\040\000a\000\040\000G\000r\000e\000a\000t\000e\000s\000t\000\040\000F\000i\000x\000e\000d\000\040\000P\000o\000i\000n\000t}{chapter.4}% 27
\BOOKMARK [1][-]{section.4.4}{\376\377\000P\000r\000o\000p\000e\000r\000t\000i\000e\000s\000\040\000o\000f\000\040\000B\000i\000s\000i\000m\000i\000l\000a\000r\000i\000t\000y}{chapter.4}% 28
\BOOKMARK [0][-]{chapter.5}{\376\377\000D\000e\000a\000d\000l\000o\000c\000k\000,\000\040\000L\000i\000v\000e\000l\000o\000c\000k\000,\000\040\000a\000n\000d\000\040\000S\000a\000f\000e\000t\000y\000\040\000P\000r\000o\000p\000e\000r\000t\000i\000e\000s}{part.1}% 29
\BOOKMARK [1][-]{section.5.1}{\376\377\000D\000i\000n\000i\000n\000g\000\040\000P\000h\000i\000l\000o\000s\000o\000p\000h\000e\000r\000s}{chapter.5}% 30
\BOOKMARK [1][-]{section.5.2}{\376\377\000D\000e\000a\000d\000l\000o\000c\000k}{chapter.5}% 31
\BOOKMARK [2][-]{subsection.5.2.1}{\376\377\000D\000e\000a\000d\000l\000o\000c\000k\000\040\000i\000n\000\040\000C\000C\000S}{section.5.2}% 32
\BOOKMARK [1][-]{section.5.3}{\376\377\000L\000i\000v\000e\000l\000o\000c\000k}{chapter.5}% 33
\BOOKMARK [1][-]{section.5.4}{\376\377\000S\000a\000f\000e\000t\000y\000\040\000a\000n\000d\000\040\000L\000i\000v\000e\000n\000e\000s\000s}{chapter.5}% 34
\BOOKMARK [1][-]{section.5.5}{\376\377\000T\000h\000e\000\040\000D\000i\000n\000i\000n\000g\000\040\000P\000h\000i\000l\000o\000s\000o\000p\000h\000e\000r\000s\000\040\000i\000n\000\040\000C\000C\000S}{chapter.5}% 35
\BOOKMARK [-1][-]{part.2}{\376\377\000I\000I\000\040\000A\000d\000v\000a\000n\000c\000e\000d\000\040\000T\000h\000e\000o\000r\000y}{}% 36
\BOOKMARK [0][-]{chapter.6}{\376\377\000T\000h\000e\000\040\000-\000C\000a\000l\000c\000u\000l\000u\000s\000\040\040\024\000\040\000M\000o\000b\000i\000l\000e\000\040\000C\000h\000a\000n\000n\000e\000l\000s}{part.2}% 37
\BOOKMARK [1][-]{section.6.1}{\376\377\000B\000e\000y\000o\000n\000d\000\040\000F\000i\000x\000e\000d\000\040\000T\000o\000p\000o\000l\000o\000g\000i\000e\000s}{chapter.6}% 38
\BOOKMARK [1][-]{section.6.2}{\376\377\000-\000C\000a\000l\000c\000u\000l\000u\000s\000\040\000S\000y\000n\000t\000a\000x}{chapter.6}% 39
\BOOKMARK [1][-]{section.6.3}{\376\377\000C\000o\000m\000m\000u\000n\000i\000c\000a\000t\000i\000o\000n\000\040\000a\000n\000d\000\040\000S\000c\000o\000p\000e\000\040\000E\000x\000t\000r\000u\000s\000i\000o\000n}{chapter.6}% 40
\BOOKMARK [2][-]{subsection.6.3.1}{\376\377\000T\000h\000e\000\040\000N\000o\000d\000e\000.\000j\000s\000\040\000C\000o\000n\000n\000e\000c\000t\000i\000o\000n}{section.6.3}% 41
\BOOKMARK [1][-]{section.6.4}{\376\377\000E\000n\000c\000o\000d\000i\000n\000g\000\040\000t\000h\000e\000\040\000-\000C\000a\000l\000c\000u\000l\000u\000s}{chapter.6}% 42
\BOOKMARK [0][-]{chapter.7}{\376\377\000S\000t\000r\000u\000c\000t\000u\000r\000a\000l\000\040\000C\000o\000n\000g\000r\000u\000e\000n\000c\000e\000\040\000a\000n\000d\000\040\000A\000l\000g\000e\000b\000r\000a\000i\000c\000\040\000L\000a\000w\000s}{part.2}% 43
\BOOKMARK [1][-]{section.7.1}{\376\377\000T\000h\000e\000\040\000A\000l\000g\000e\000b\000r\000a\000\040\000o\000f\000\040\000P\000r\000o\000c\000e\000s\000s\000e\000s}{chapter.7}% 44
\BOOKMARK [1][-]{section.7.2}{\376\377\000L\000a\000w\000s\000\040\000o\000f\000\040\000C\000C\000S\000\040\000\050\000U\000p\000\040\000t\000o\000\040\000B\000i\000s\000i\000m\000i\000l\000a\000r\000i\000t\000y\000\051}{chapter.7}% 45
\BOOKMARK [1][-]{section.7.3}{\376\377\000S\000t\000r\000u\000c\000t\000u\000r\000a\000l\000\040\000C\000o\000n\000g\000r\000u\000e\000n\000c\000e}{chapter.7}% 46
\BOOKMARK [0][-]{chapter.8}{\376\377\000H\000e\000n\000n\000e\000s\000s\000y\000-\000M\000i\000l\000n\000e\000r\000\040\000L\000o\000g\000i\000c}{part.2}% 47
\BOOKMARK [1][-]{section.8.1}{\376\377\000A\000\040\000L\000o\000g\000i\000c\000\040\000f\000o\000r\000\040\000P\000r\000o\000c\000e\000s\000s\000e\000s}{chapter.8}% 48
\BOOKMARK [1][-]{section.8.2}{\376\377\000T\000h\000e\000\040\000A\000d\000e\000q\000u\000a\000c\000y\000\040\000T\000h\000e\000o\000r\000e\000m}{chapter.8}% 49
\BOOKMARK [2][-]{subsection.8.2.1}{\376\377\000D\000i\000s\000t\000i\000n\000g\000u\000i\000s\000h\000i\000n\000g\000\040\000t\000h\000e\000\040\000C\000o\000f\000f\000e\000e\000\040\000M\000a\000c\000h\000i\000n\000e\000s}{section.8.2}% 50
\BOOKMARK [1][-]{section.8.3}{\376\377\000S\000p\000e\000c\000i\000f\000i\000c\000a\000t\000i\000o\000n\000\040\000v\000i\000a\000\040\000L\000o\000g\000i\000c}{chapter.8}% 51
\BOOKMARK [-1][-]{part.3}{\376\377\000I\000I\000I\000\040\000T\000y\000p\000e\000s\000\040\000f\000o\000r\000\040\000C\000o\000n\000c\000u\000r\000r\000e\000n\000c\000y}{}% 52
\BOOKMARK [0][-]{chapter.9}{\376\377\000S\000e\000s\000s\000i\000o\000n\000\040\000T\000y\000p\000e\000s\000\040\040\024\000\040\000P\000r\000o\000t\000o\000c\000o\000l\000s\000\040\000a\000s\000\040\000T\000y\000p\000e\000s}{part.3}% 53
\BOOKMARK [1][-]{section.9.1}{\376\377\000T\000y\000p\000i\000n\000g\000\040\000C\000o\000m\000m\000u\000n\000i\000c\000a\000t\000i\000o\000n}{chapter.9}% 54
\BOOKMARK [1][-]{section.9.2}{\376\377\000S\000e\000s\000s\000i\000o\000n\000\040\000T\000y\000p\000e\000\040\000S\000y\000n\000t\000a\000x}{chapter.9}% 55
\BOOKMARK [1][-]{section.9.3}{\376\377\000D\000u\000a\000l\000i\000t\000y}{chapter.9}% 56
\BOOKMARK [1][-]{section.9.4}{\376\377\000T\000y\000p\000e\000\040\000S\000a\000f\000e\000t\000y}{chapter.9}% 57
\BOOKMARK [1][-]{section.9.5}{\376\377\000T\000h\000e\000\040\000L\000i\000n\000e\000a\000r\000\040\000L\000o\000g\000i\000c\000\040\000C\000o\000n\000n\000e\000c\000t\000i\000o\000n}{chapter.9}% 58
\BOOKMARK [0][-]{chapter.10}{\376\377\000P\000r\000a\000c\000t\000i\000c\000a\000l\000\040\000S\000e\000s\000s\000i\000o\000n\000\040\000T\000y\000p\000e\000s\000\040\000f\000o\000r\000\040\000T\000y\000p\000e\000S\000c\000r\000i\000p\000t}{part.3}% 59
\BOOKMARK [1][-]{section.10.1}{\376\377\000W\000h\000a\000t\000\040\000S\000e\000s\000s\000i\000o\000n\000\040\000T\000y\000p\000e\000s\000\040\000W\000o\000u\000l\000d\000\040\000L\000o\000o\000k\000\040\000L\000i\000k\000e}{chapter.10}% 60
\BOOKMARK [1][-]{section.10.2}{\376\377\000C\000u\000r\000r\000e\000n\000t\000\040\000T\000y\000p\000e\000S\000c\000r\000i\000p\000t\000\040\000A\000p\000p\000r\000o\000x\000i\000m\000a\000t\000i\000o\000n\000s}{chapter.10}% 61
\BOOKMARK [2][-]{subsection.10.2.1}{\376\377\000S\000t\000a\000t\000e\000\040\000M\000a\000c\000h\000i\000n\000e\000\040\000P\000a\000t\000t\000e\000r\000n}{section.10.2}% 62
\BOOKMARK [2][-]{subsection.10.2.2}{\376\377\000D\000i\000s\000c\000r\000i\000m\000i\000n\000a\000t\000e\000d\000\040\000U\000n\000i\000o\000n\000s\000\040\000w\000i\000t\000h\000\040\000X\000S\000t\000a\000t\000e}{section.10.2}% 63
\BOOKMARK [1][-]{section.10.3}{\376\377\000W\000h\000a\000t\000'\000s\000\040\000M\000i\000s\000s\000i\000n\000g\000\040\000i\000n\000\040\000T\000y\000p\000e\000S\000c\000r\000i\000p\000t}{chapter.10}% 64
\BOOKMARK [1][-]{section.10.4}{\376\377\000L\000a\000n\000g\000u\000a\000g\000e\000s\000\040\000w\000i\000t\000h\000\040\000R\000e\000a\000l\000\040\000S\000e\000s\000s\000i\000o\000n\000\040\000T\000y\000p\000e\000\040\000S\000u\000p\000p\000o\000r\000t}{chapter.10}% 65
\BOOKMARK [0][-]{chapter.11}{\376\377\000M\000u\000l\000t\000i\000p\000a\000r\000t\000y\000\040\000S\000e\000s\000s\000i\000o\000n\000\040\000T\000y\000p\000e\000s}{part.3}% 66
\BOOKMARK [1][-]{section.11.1}{\376\377\000B\000e\000y\000o\000n\000d\000\040\000T\000w\000o\000\040\000P\000a\000r\000t\000i\000e\000s}{chapter.11}% 67
\BOOKMARK [1][-]{section.11.2}{\376\377\000G\000l\000o\000b\000a\000l\000\040\000T\000y\000p\000e\000s}{chapter.11}% 68
\BOOKMARK [2][-]{subsection.11.2.1}{\376\377\000E\000x\000a\000m\000p\000l\000e\000:\000\040\000C\000l\000i\000e\000n\000t\000-\000S\000e\000r\000v\000e\000r\000-\000D\000a\000t\000a\000b\000a\000s\000e}{section.11.2}% 69
\BOOKMARK [1][-]{section.11.3}{\376\377\000P\000r\000o\000j\000e\000c\000t\000i\000o\000n}{chapter.11}% 70
\BOOKMARK [1][-]{section.11.4}{\376\377\000C\000o\000n\000n\000e\000c\000t\000i\000o\000n\000\040\000t\000o\000\040\000C\000h\000o\000r\000e\000o\000g\000r\000a\000p\000h\000i\000c\000\040\000P\000r\000o\000g\000r\000a\000m\000m\000i\000n\000g}{chapter.11}% 71
\BOOKMARK [-1][-]{part.4}{\376\377\000I\000V\000\040\000C\000a\000p\000s\000t\000o\000n\000e}{}% 72
\BOOKMARK [0][-]{chapter.12}{\376\377\000C\000a\000p\000s\000t\000o\000n\000e\000\040\040\024\000\040\000V\000e\000r\000i\000f\000i\000e\000d\000\040\000W\000o\000r\000k\000e\000r\000\040\000P\000o\000o\000l\000\040\000P\000r\000o\000t\000o\000c\000o\000l}{part.4}% 73
\BOOKMARK [1][-]{section.12.1}{\376\377\000T\000h\000e\000\040\000P\000r\000o\000t\000o\000c\000o\000l}{chapter.12}% 74
\BOOKMARK [2][-]{subsection.12.1.1}{\376\377\000G\000l\000o\000b\000a\000l\000\040\000T\000y\000p\000e}{section.12.1}% 75
\BOOKMARK [2][-]{subsection.12.1.2}{\376\377\000-\000C\000a\000l\000c\000u\000l\000u\000s\000\040\000F\000o\000r\000m\000a\000l\000i\000z\000a\000t\000i\000o\000n}{section.12.1}% 76
\BOOKMARK [1][-]{section.12.2}{\376\377\000P\000r\000o\000p\000e\000r\000t\000i\000e\000s\000\040\000t\000o\000\040\000P\000r\000o\000v\000e}{chapter.12}% 77
\BOOKMARK [1][-]{section.12.3}{\376\377\000T\000h\000e\000\040\000T\000y\000p\000e\000S\000c\000r\000i\000p\000t\000\040\000I\000m\000p\000l\000e\000m\000e\000n\000t\000a\000t\000i\000o\000n}{chapter.12}% 78
\BOOKMARK [0][-]{chapter.13}{\376\377\000L\000o\000o\000k\000i\000n\000g\000\040\000B\000a\000c\000k\000\040\040\024\000\040\000T\000h\000e\000\040\000S\000c\000i\000e\000n\000c\000e\000\040\000o\000f\000\040\000C\000o\000n\000c\000u\000r\000r\000e\000n\000c\000y}{part.4}% 79
\BOOKMARK [1][-]{section.13.1}{\376\377\000T\000h\000e\000\040\000I\000n\000t\000e\000l\000l\000e\000c\000t\000u\000a\000l\000\040\000A\000r\000c}{chapter.13}% 80
\BOOKMARK [1][-]{section.13.2}{\376\377\000W\000h\000e\000r\000e\000\040\000t\000h\000e\000\040\000M\000o\000d\000e\000l\000s\000\040\000L\000i\000v\000e\000\040\000i\000n\000\040\000I\000n\000d\000u\000s\000t\000r\000y}{chapter.13}% 81
\BOOKMARK [1][-]{section.13.3}{\376\377\000W\000h\000a\000t\000\040\000W\000e\000\040\000D\000i\000d\000n\000'\000t\000\040\000C\000o\000v\000e\000r}{chapter.13}% 82
\BOOKMARK [1][-]{section.13.4}{\376\377\000C\000r\000o\000s\000s\000-\000B\000o\000o\000k\000\040\000C\000o\000n\000n\000e\000c\000t\000i\000o\000n\000s}{chapter.13}% 83
\BOOKMARK [0][-]{chapter*.3}{\376\377\000A\000p\000p\000e\000n\000d\000i\000x\000\040\000A\000:\000\040\000Q\000u\000i\000c\000k\000\040\000R\000e\000f\000e\000r\000e\000n\000c\000e}{part.4}% 84
\BOOKMARK [0][-]{chapter*.4}{\376\377\000A\000p\000p\000e\000n\000d\000i\000x\000\040\000B\000:\000\040\000L\000e\000a\000n\000\040\0004\000\040\000D\000e\000f\000i\000n\000i\000t\000i\000o\000n\000s\000\040\000I\000n\000d\000e\000x}{part.4}% 85
\BOOKMARK [0][-]{chapter*.5}{\376\377\000A\000p\000p\000e\000n\000d\000i\000x\000\040\000C\000:\000\040\000H\000i\000s\000t\000o\000r\000i\000c\000a\000l\000\040\000T\000i\000m\000e\000l\000i\000n\000e}{part.4}% 86
\BOOKMARK [0][-]{chapter*.6}{\376\377\000A\000p\000p\000e\000n\000d\000i\000x\000\040\000D\000:\000\040\000A\000\040\000L\000e\000a\000n\000\040\0004\000\040\000P\000r\000i\000m\000e\000r}{part.4}% 87
