\BOOKMARK [0][-]{chapter*.2}{\376\377\000P\000r\000e\000f\000a\000c\000e}{}% 1
\BOOKMARK [-1][-]{part.1}{\376\377\000I\000\040\000T\000h\000e\000\040\000P\000r\000o\000b\000l\000e\000m\000\040\000a\000n\000d\000\040\000t\000h\000e\000\040\000E\000n\000g\000i\000n\000e\000\040\000Y\000o\000u\000\040\000A\000l\000r\000e\000a\000d\000y\000\040\000H\000a\000v\000e}{}% 2
\BOOKMARK [0][-]{chapter.1}{\376\377\000T\000h\000e\000\040\000B\000u\000i\000l\000d\000\040\000E\000d\000i\000t\000o\000r\000\040\000a\000n\000d\000\040\000t\000h\000e\000\040\000P\000r\000o\000p\000a\000g\000a\000t\000o\000r\000\040\000A\000t\000t\000e\000m\000p\000t}{part.1}% 3
\BOOKMARK [1][-]{section.1.1}{\376\377\000T\000h\000e\000\040\000G\000e\000a\000r\000\040\000O\000p\000t\000i\000m\000i\000s\000a\000t\000i\000o\000n\000\040\000P\000r\000o\000b\000l\000e\000m}{chapter.1}% 4
\BOOKMARK [2][-]{subsection.1.1.1}{\376\377\000E\000q\000u\000i\000p\000m\000e\000n\000t\000\040\000S\000l\000o\000t\000s}{section.1.1}% 5
\BOOKMARK [2][-]{subsection.1.1.2}{\376\377\000S\000t\000a\000t\000\040\000C\000o\000m\000b\000i\000n\000a\000t\000i\000o\000n\000s}{section.1.1}% 6
\BOOKMARK [2][-]{subsection.1.1.3}{\376\377\000F\000o\000r\000m\000a\000l\000i\000s\000i\000n\000g\000\040\000i\000n\000\040\000L\000e\000a\000n\000\040\0004}{section.1.1}% 7
\BOOKMARK [2][-]{subsection.1.1.4}{\376\377\000T\000h\000e\000\040\000O\000b\000j\000e\000c\000t\000i\000v\000e}{section.1.1}% 8
\BOOKMARK [2][-]{subsection.1.1.5}{\376\377\000T\000h\000e\000\040\000S\000e\000a\000r\000c\000h\000\040\000S\000p\000a\000c\000e}{section.1.1}% 9
\BOOKMARK [1][-]{section.1.2}{\376\377\000T\000h\000e\000\040\000P\000r\000o\000p\000a\000g\000a\000t\000o\000r\000\040\000A\000t\000t\000e\000m\000p\000t}{chapter.1}% 10
\BOOKMARK [2][-]{subsection.1.2.1}{\376\377\000T\000h\000e\000\040\000D\000o\000m\000a\000i\000n\000-\000R\000e\000d\000u\000c\000t\000i\000o\000n\000\040\000L\000a\000t\000t\000i\000c\000e}{section.1.2}% 11
\BOOKMARK [2][-]{subsection.1.2.2}{\376\377\000P\000r\000o\000p\000a\000g\000a\000t\000o\000r\000s\000\040\000Y\000o\000u\000\040\000B\000u\000i\000l\000t}{section.1.2}% 12
\BOOKMARK [1][-]{section.1.3}{\376\377\000W\000h\000i\000c\000h\000\040\000P\000a\000r\000t\000s\000\040\000N\000e\000e\000d\000\040\000M\000a\000t\000h\000l\000i\000b}{chapter.1}% 13
\BOOKMARK [2][-]{subsection.1.3.1}{\376\377\000W\000h\000e\000r\000e\000\040\000I\000t\000\040\000G\000e\000t\000s\000\040\000S\000t\000u\000c\000k}{section.1.3}% 14
\BOOKMARK [0][-]{chapter.2}{\376\377\000T\000h\000e\000\040\000L\000a\000n\000d\000s\000c\000a\000p\000e\000\040\000o\000f\000\040\000O\000p\000t\000i\000m\000i\000s\000a\000t\000i\000o\000n}{part.1}% 15
\BOOKMARK [1][-]{section.2.1}{\376\377\000W\000h\000a\000t\000\040\000I\000s\000\040\000a\000n\000\040\000O\000p\000t\000i\000m\000i\000s\000a\000t\000i\000o\000n\000\040\000P\000r\000o\000b\000l\000e\000m\000?}{chapter.2}% 16
\BOOKMARK [1][-]{section.2.2}{\376\377\000C\000o\000n\000t\000i\000n\000u\000o\000u\000s\000\040\000v\000s\000.\000\040\000D\000i\000s\000c\000r\000e\000t\000e}{chapter.2}% 17
\BOOKMARK [1][-]{section.2.3}{\376\377\000C\000o\000n\000v\000e\000x\000i\000t\000y\000:\000\040\000W\000h\000y\000\040\000I\000t\000'\000s\000\040\000N\000o\000t\000\040\000E\000n\000o\000u\000g\000h}{chapter.2}% 18
\BOOKMARK [1][-]{section.2.4}{\376\377\000T\000h\000e\000\040\000S\000o\000l\000v\000e\000r\000\040\000A\000r\000c\000h\000i\000t\000e\000c\000t\000u\000r\000e}{chapter.2}% 19
\BOOKMARK [0][-]{chapter.3}{\376\377\000M\000a\000k\000i\000n\000g\000\040\000P\000r\000o\000p\000a\000g\000a\000t\000i\000o\000n\000\040\000S\000t\000r\000o\000n\000g\000e\000r}{part.1}% 20
\BOOKMARK [1][-]{section.3.1}{\376\377\000T\000h\000e\000\040\000L\000i\000n\000e\000a\000r\000G\000e\000q\000\040\000P\000r\000o\000p\000a\000g\000a\000t\000o\000r}{chapter.3}% 21
\BOOKMARK [1][-]{section.3.2}{\376\377\000T\000h\000e\000\040\000L\000i\000n\000e\000a\000r\000L\000e\000q\000\040\000P\000r\000o\000p\000a\000g\000a\000t\000o\000r}{chapter.3}% 22
\BOOKMARK [1][-]{section.3.3}{\376\377\000T\000h\000e\000\040\000I\000n\000f\000u\000s\000i\000o\000n\000\040\000B\000u\000d\000g\000e\000t\000\040\000P\000r\000o\000p\000a\000g\000a\000t\000o\000r}{chapter.3}% 23
\BOOKMARK [1][-]{section.3.4}{\376\377\000T\000h\000e\000\040\000S\000t\000r\000e\000n\000g\000t\000h\000e\000n\000e\000d\000\040\000N\000e\000t\000w\000o\000r\000k}{chapter.3}% 24
\BOOKMARK [-1][-]{part.2}{\376\377\000I\000I\000\040\000T\000h\000e\000\040\000M\000a\000t\000h\000e\000m\000a\000t\000i\000c\000s\000\040\000o\000f\000\040\000O\000p\000t\000i\000m\000i\000s\000a\000t\000i\000o\000n}{}% 25
\BOOKMARK [0][-]{chapter.4}{\376\377\000L\000i\000n\000e\000a\000r\000\040\000P\000r\000o\000g\000r\000a\000m\000m\000i\000n\000g}{part.2}% 26
\BOOKMARK [1][-]{section.4.1}{\376\377\000T\000h\000e\000\040\000L\000P\000\040\000S\000t\000a\000n\000d\000a\000r\000d\000\040\000F\000o\000r\000m}{chapter.4}% 27
\BOOKMARK [1][-]{section.4.2}{\376\377\000T\000h\000e\000\040\000S\000i\000m\000p\000l\000e\000x\000\040\000M\000e\000t\000h\000o\000d}{chapter.4}% 28
\BOOKMARK [2][-]{subsection.4.2.1}{\376\377\000P\000i\000v\000o\000t\000i\000n\000g}{section.4.2}% 29
\BOOKMARK [1][-]{section.4.3}{\376\377\000D\000u\000a\000l\000i\000t\000y}{chapter.4}% 30
\BOOKMARK [1][-]{section.4.4}{\376\377\000L\000P\000\040\000R\000e\000l\000a\000x\000a\000t\000i\000o\000n\000\040\000o\000f\000\040\000t\000h\000e\000\040\000G\000e\000a\000r\000\040\000P\000r\000o\000b\000l\000e\000m}{chapter.4}% 31
\BOOKMARK [0][-]{chapter.5}{\376\377\000I\000n\000t\000e\000g\000e\000r\000\040\000P\000r\000o\000g\000r\000a\000m\000m\000i\000n\000g\000\040\000a\000n\000d\000\040\000B\000r\000a\000n\000c\000h\000-\000a\000n\000d\000-\000B\000o\000u\000n\000d}{part.2}% 32
\BOOKMARK [1][-]{section.5.1}{\376\377\000T\000h\000e\000\040\000I\000n\000t\000e\000g\000r\000a\000l\000i\000t\000y\000\040\000G\000a\000p}{chapter.5}% 33
\BOOKMARK [1][-]{section.5.2}{\376\377\000B\000r\000a\000n\000c\000h\000\040\000a\000n\000d\000\040\000B\000o\000u\000n\000d}{chapter.5}% 34
\BOOKMARK [2][-]{subsection.5.2.1}{\376\377\000T\000h\000e\000\040\000B\000\046\000B\000\040\000I\000n\000v\000a\000r\000i\000a\000n\000t}{section.5.2}% 35
\BOOKMARK [2][-]{subsection.5.2.2}{\376\377\000V\000a\000r\000i\000a\000b\000l\000e\000\040\000a\000n\000d\000\040\000V\000a\000l\000u\000e\000\040\000O\000r\000d\000e\000r\000i\000n\000g}{section.5.2}% 36
\BOOKMARK [2][-]{subsection.5.2.3}{\376\377\000S\000y\000m\000m\000e\000t\000r\000y\000\040\000B\000r\000e\000a\000k\000i\000n\000g}{section.5.2}% 37
\BOOKMARK [0][-]{chapter.6}{\376\377\000S\000e\000a\000r\000c\000h\000\040\000S\000t\000r\000a\000t\000e\000g\000i\000e\000s}{part.2}% 38
\BOOKMARK [1][-]{section.6.1}{\376\377\000B\000a\000c\000k\000t\000r\000a\000c\000k\000i\000n\000g\000\040\000S\000e\000a\000r\000c\000h\000\040\000w\000i\000t\000h\000\040\000P\000r\000o\000p\000a\000g\000a\000t\000i\000o\000n}{chapter.6}% 39
\BOOKMARK [2][-]{subsection.6.1.1}{\376\377\000W\000o\000r\000k\000e\000d\000\040\000E\000x\000a\000m\000p\000l\000e\000:\000\040\000A\000\040\000T\000i\000n\000y\000\040\000G\000e\000a\000r\000\040\000P\000r\000o\000b\000l\000e\000m}{section.6.1}% 40
\BOOKMARK [1][-]{section.6.2}{\376\377\000A\000*\000\040\000a\000n\000d\000\040\000B\000e\000s\000t\000-\000F\000i\000r\000s\000t\000\040\000S\000e\000a\000r\000c\000h}{chapter.6}% 41
\BOOKMARK [1][-]{section.6.3}{\376\377\000N\000o\000g\000o\000o\000d\000\040\000L\000e\000a\000r\000n\000i\000n\000g}{chapter.6}% 42
\BOOKMARK [0][-]{chapter.7}{\376\377\000R\000e\000l\000a\000x\000a\000t\000i\000o\000n\000\040\000a\000n\000d\000\040\000B\000o\000u\000n\000d\000i\000n\000g}{part.2}% 43
\BOOKMARK [1][-]{section.7.1}{\376\377\000L\000a\000g\000r\000a\000n\000g\000i\000a\000n\000\040\000R\000e\000l\000a\000x\000a\000t\000i\000o\000n}{chapter.7}% 44
\BOOKMARK [2][-]{subsection.7.1.1}{\376\377\000S\000u\000b\000g\000r\000a\000d\000i\000e\000n\000t\000\040\000O\000p\000t\000i\000m\000i\000s\000a\000t\000i\000o\000n}{section.7.1}% 45
\BOOKMARK [1][-]{section.7.2}{\376\377\000R\000e\000d\000u\000c\000e\000d\000-\000C\000o\000s\000t\000\040\000F\000i\000x\000i\000n\000g}{chapter.7}% 46
\BOOKMARK [2][-]{subsection.7.2.1}{\376\377\000C\000o\000m\000p\000a\000r\000i\000n\000g\000\040\000B\000o\000u\000n\000d\000\040\000Q\000u\000a\000l\000i\000t\000y}{section.7.2}% 47
\BOOKMARK [-1][-]{part.3}{\376\377\000I\000I\000I\000\040\000H\000e\000u\000r\000i\000s\000t\000i\000c\000s\000\040\000a\000n\000d\000\040\000M\000u\000l\000t\000i\000-\000O\000b\000j\000e\000c\000t\000i\000v\000e\000\040\000O\000p\000t\000i\000m\000i\000s\000a\000t\000i\000o\000n}{}% 48
\BOOKMARK [0][-]{chapter.8}{\376\377\000L\000o\000c\000a\000l\000\040\000S\000e\000a\000r\000c\000h\000\040\000a\000n\000d\000\040\000M\000e\000t\000a\000h\000e\000u\000r\000i\000s\000t\000i\000c\000s}{part.3}% 49
\BOOKMARK [1][-]{section.8.1}{\376\377\000N\000e\000i\000g\000h\000b\000o\000u\000r\000h\000o\000o\000d\000\040\000S\000t\000r\000u\000c\000t\000u\000r\000e}{chapter.8}% 50
\BOOKMARK [1][-]{section.8.2}{\376\377\000H\000i\000l\000l\000\040\000C\000l\000i\000m\000b\000i\000n\000g}{chapter.8}% 51
\BOOKMARK [1][-]{section.8.3}{\376\377\000S\000i\000m\000u\000l\000a\000t\000e\000d\000\040\000A\000n\000n\000e\000a\000l\000i\000n\000g}{chapter.8}% 52
\BOOKMARK [2][-]{subsection.8.3.1}{\376\377\000C\000h\000o\000o\000s\000i\000n\000g\000\040\000t\000h\000e\000\040\000C\000o\000o\000l\000i\000n\000g\000\040\000S\000c\000h\000e\000d\000u\000l\000e}{section.8.3}% 53
\BOOKMARK [1][-]{section.8.4}{\376\377\000T\000a\000b\000u\000\040\000S\000e\000a\000r\000c\000h}{chapter.8}% 54
\BOOKMARK [1][-]{section.8.5}{\376\377\000G\000e\000n\000e\000t\000i\000c\000\040\000A\000l\000g\000o\000r\000i\000t\000h\000m\000s}{chapter.8}% 55
\BOOKMARK [0][-]{chapter.9}{\376\377\000M\000u\000l\000t\000i\000-\000O\000b\000j\000e\000c\000t\000i\000v\000e\000\040\000O\000p\000t\000i\000m\000i\000s\000a\000t\000i\000o\000n\000\040\000a\000n\000d\000\040\000P\000a\000r\000e\000t\000o\000\040\000F\000r\000o\000n\000t\000i\000e\000r\000s}{part.3}% 56
\BOOKMARK [1][-]{section.9.1}{\376\377\000P\000a\000r\000e\000t\000o\000\040\000O\000p\000t\000i\000m\000a\000l\000i\000t\000y}{chapter.9}% 57
\BOOKMARK [2][-]{subsection.9.1.1}{\376\377\000W\000o\000r\000k\000e\000d\000\040\000E\000x\000a\000m\000p\000l\000e\000:\000\040\000D\000a\000m\000a\000g\000e\000\040\000v\000s\000.\000\040\000S\000u\000r\000v\000i\000v\000a\000b\000i\000l\000i\000t\000y}{section.9.1}% 58
\BOOKMARK [1][-]{section.9.2}{\376\377\000S\000c\000a\000l\000a\000r\000i\000s\000a\000t\000i\000o\000n}{chapter.9}% 59
\BOOKMARK [1][-]{section.9.3}{\376\377\000T\000h\000e\000\040\000-\000C\000o\000n\000s\000t\000r\000a\000i\000n\000t\000\040\000M\000e\000t\000h\000o\000d}{chapter.9}% 60
\BOOKMARK [0][-]{chapter.10}{\376\377\000I\000n\000f\000u\000s\000i\000o\000n\000\040\000O\000p\000t\000i\000m\000i\000s\000a\000t\000i\000o\000n}{part.3}% 61
\BOOKMARK [1][-]{section.10.1}{\376\377\000T\000h\000e\000\040\000R\000e\000s\000o\000u\000r\000c\000e\000\040\000A\000l\000l\000o\000c\000a\000t\000i\000o\000n\000\040\000F\000o\000r\000m\000u\000l\000a\000t\000i\000o\000n}{chapter.10}% 62
\BOOKMARK [1][-]{section.10.2}{\376\377\000D\000y\000n\000a\000m\000i\000c\000\040\000P\000r\000o\000g\000r\000a\000m\000m\000i\000n\000g\000\040\000S\000o\000l\000u\000t\000i\000o\000n}{chapter.10}% 63
\BOOKMARK [-1][-]{part.4}{\376\377\000I\000V\000\040\000T\000h\000e\000\040\000C\000a\000p\000s\000t\000o\000n\000e\000\040\000S\000o\000l\000v\000e\000r}{}% 64
\BOOKMARK [0][-]{chapter.11}{\376\377\000A\000s\000s\000e\000m\000b\000l\000y\000:\000\040\000T\000h\000e\000\040\000C\000o\000m\000p\000l\000e\000t\000e\000\040\000S\000o\000l\000v\000e\000r}{part.4}% 65
\BOOKMARK [1][-]{section.11.1}{\376\377\000T\000h\000e\000\040\000A\000r\000c\000h\000i\000t\000e\000c\000t\000u\000r\000e}{chapter.11}% 66
\BOOKMARK [1][-]{section.11.2}{\376\377\000T\000h\000e\000\040\000S\000o\000l\000v\000e\000r\000\040\000L\000o\000o\000p}{chapter.11}% 67
\BOOKMARK [0][-]{chapter.12}{\376\377\000T\000h\000e\000\040\000C\000o\000r\000r\000e\000c\000t\000n\000e\000s\000s\000\040\000T\000h\000e\000o\000r\000e\000m}{part.4}% 68
\BOOKMARK [1][-]{section.12.1}{\376\377\000F\000e\000a\000s\000i\000b\000i\000l\000i\000t\000y\000\040\000a\000n\000d\000\040\000t\000h\000e\000\040\000M\000a\000i\000n\000\040\000T\000h\000e\000o\000r\000e\000m}{chapter.12}% 69
\BOOKMARK [1][-]{section.12.2}{\376\377\000P\000r\000o\000o\000f\000\040\000S\000t\000r\000u\000c\000t\000u\000r\000e}{chapter.12}% 70
\BOOKMARK [2][-]{subsection.12.2.1}{\376\377\000P\000r\000o\000p\000a\000g\000a\000t\000i\000o\000n\000\040\000S\000o\000u\000n\000d\000n\000e\000s\000s}{section.12.2}% 71
\BOOKMARK [2][-]{subsection.12.2.2}{\376\377\000L\000P\000\040\000B\000o\000u\000n\000d\000\040\000V\000a\000l\000i\000d\000i\000t\000y}{section.12.2}% 72
\BOOKMARK [2][-]{subsection.12.2.3}{\376\377\000B\000\046\000B\000\040\000I\000n\000v\000a\000r\000i\000a\000n\000t}{section.12.2}% 73
\BOOKMARK [2][-]{subsection.12.2.4}{\376\377\000I\000n\000f\000u\000s\000i\000o\000n\000\040\000D\000P\000\040\000O\000p\000t\000i\000m\000a\000l\000i\000t\000y}{section.12.2}% 74
\BOOKMARK [2][-]{subsection.12.2.5}{\376\377\000C\000o\000m\000p\000o\000s\000i\000n\000g\000\040\000t\000h\000e\000\040\000P\000r\000o\000o\000f}{section.12.2}% 75
\BOOKMARK [0][-]{chapter.13}{\376\377\000P\000e\000r\000f\000o\000r\000m\000a\000n\000c\000e\000\040\000E\000n\000g\000i\000n\000e\000e\000r\000i\000n\000g}{part.4}% 76
\BOOKMARK [1][-]{section.13.1}{\376\377\000D\000o\000m\000a\000i\000n\000\040\000R\000e\000p\000r\000e\000s\000e\000n\000t\000a\000t\000i\000o\000n}{chapter.13}% 77
\BOOKMARK [1][-]{section.13.2}{\376\377\000I\000n\000c\000r\000e\000m\000e\000n\000t\000a\000l\000\040\000P\000r\000o\000p\000a\000g\000a\000t\000i\000o\000n}{chapter.13}% 78
\BOOKMARK [1][-]{section.13.3}{\376\377\000U\000n\000d\000o\000\040\000S\000t\000a\000c\000k\000s\000\040\000f\000o\000r\000\040\000B\000a\000c\000k\000t\000r\000a\000c\000k\000i\000n\000g}{chapter.13}% 79
\BOOKMARK [1][-]{section.13.4}{\376\377\000L\000e\000a\000n\000\040\0004\000\040\000P\000e\000r\000f\000o\000r\000m\000a\000n\000c\000e\000\040\000A\000n\000n\000o\000t\000a\000t\000i\000o\000n\000s}{chapter.13}% 80
\BOOKMARK [1][-]{section.13.5}{\376\377\000B\000e\000n\000c\000h\000m\000a\000r\000k\000s}{chapter.13}% 81
\BOOKMARK [0][-]{chapter.14}{\376\377\000E\000x\000t\000e\000n\000s\000i\000o\000n\000s\000\040\000a\000n\000d\000\040\000O\000p\000e\000n\000\040\000P\000r\000o\000b\000l\000e\000m\000s}{part.4}% 82
\BOOKMARK [1][-]{section.14.1}{\376\377\000F\000o\000o\000d\000\040\000a\000n\000d\000\040\000U\000t\000i\000l\000i\000t\000y\000\040\000B\000u\000f\000f\000s}{chapter.14}% 83
\BOOKMARK [1][-]{section.14.2}{\376\377\000T\000r\000a\000i\000t\000\040\000I\000n\000t\000e\000r\000a\000c\000t\000i\000o\000n\000s}{chapter.14}% 84
\BOOKMARK [1][-]{section.14.3}{\376\377\000W\000h\000a\000t\000-\000I\000f\000\040\000M\000o\000d\000e}{chapter.14}% 85
\BOOKMARK [1][-]{section.14.4}{\376\377\000P\000a\000r\000e\000t\000o\000\040\000F\000r\000o\000n\000t\000i\000e\000r\000\040\000M\000o\000d\000e}{chapter.14}% 86
\BOOKMARK [1][-]{section.14.5}{\376\377\000R\000e\000a\000l\000-\000W\000o\000r\000l\000d\000\040\000A\000n\000a\000l\000o\000g\000u\000e\000s}{chapter.14}% 87
\BOOKMARK [0][-]{chapter.A}{\376\377\000W\000v\000W\000\040\000S\000t\000a\000t\000\040\000C\000o\000m\000b\000o\000\040\000R\000e\000f\000e\000r\000e\000n\000c\000e}{part.4}% 88
\BOOKMARK [1][-]{section.A.1}{\376\377\000T\000r\000i\000p\000l\000e\000-\000A\000t\000t\000r\000i\000b\000u\000t\000e\000\040\000\050\0001\000\040\000M\000a\000j\000o\000r\000,\000\040\0002\000\040\000M\000i\000n\000o\000r\000\051}{chapter.A}% 89
\BOOKMARK [1][-]{section.A.2}{\376\377\000Q\000u\000a\000d\000r\000u\000p\000l\000e\000-\000A\000t\000t\000r\000i\000b\000u\000t\000e\000\040\000\050\0002\000\040\000M\000a\000j\000o\000r\000,\000\040\0002\000\040\000M\000i\000n\000o\000r\000\051}{chapter.A}% 90
\BOOKMARK [1][-]{section.A.3}{\376\377\000C\000e\000l\000e\000s\000t\000i\000a\000l\000\040\000\050\000W\000v\000W\000\040\000V\000e\000r\000s\000i\000o\000n\000\051}{chapter.A}% 91
\BOOKMARK [0][-]{chapter.B}{\376\377\000C\000r\000o\000s\000s\000-\000R\000e\000f\000e\000r\000e\000n\000c\000e\000\040\000M\000a\000p}{part.4}% 92
\BOOKMARK [0][-]{chapter.C}{\376\377\000A\000\040\000L\000e\000a\000n\000\040\0004\000\040\000P\000r\000i\000m\000e\000r}{part.4}% 93
\BOOKMARK [1][-]{section.C.1}{\376\377\000D\000e\000c\000l\000a\000r\000a\000t\000i\000o\000n\000s}{chapter.C}% 94
\BOOKMARK [1][-]{section.C.2}{\376\377\000C\000o\000r\000e\000\040\000T\000a\000c\000t\000i\000c\000s}{chapter.C}% 95
\BOOKMARK [1][-]{section.C.3}{\376\377\000s\000o\000r\000r\000y\000\040\040\024\000\040\000`\000`\000u\000n\000p\000r\000o\000v\000e\000n\000'\000'}{chapter.C}% 96
\BOOKMARK [1][-]{section.C.4}{\376\377\000L\000i\000b\000r\000a\000r\000y\000\040\000N\000o\000t\000e\000s}{chapter.C}% 97
