\BOOKMARK [0][-]{part.1}{\376\377\000I\000\040\000F\000o\000u\000n\000d\000a\000t\000i\000o\000n\000s}{}% 1
\BOOKMARK [1][-]{section.1}{\376\377\000W\000h\000a\000t\000\040\000I\000s\000\040\000L\000a\000m\000b\000d\000a\000\040\000C\000a\000l\000c\000u\000l\000u\000s\000?}{part.1}% 2
\BOOKMARK [2][-]{subsection.1.1}{\376\377\000T\000h\000e\000\040\000B\000i\000g\000\040\000P\000i\000c\000t\000u\000r\000e}{section.1}% 3
\BOOKMARK [2][-]{subsection.1.2}{\376\377\000W\000h\000y\000\040\000S\000h\000o\000u\000l\000d\000\040\000a\000\040\000P\000r\000o\000g\000r\000a\000m\000m\000e\000r\000\040\000C\000a\000r\000e\000?}{section.1}% 4
\BOOKMARK [1][-]{section.2}{\376\377\000R\000e\000a\000d\000i\000n\000g\000\040\000t\000h\000e\000\040\000N\000o\000t\000a\000t\000i\000o\000n}{part.1}% 5
\BOOKMARK [2][-]{subsection.2.1}{\376\377\000S\000e\000t\000\040\000N\000o\000t\000a\000t\000i\000o\000n}{section.2}% 6
\BOOKMARK [2][-]{subsection.2.2}{\376\377\000A\000r\000r\000o\000w\000s\000\040\000a\000n\000d\000\040\000R\000e\000l\000a\000t\000i\000o\000n\000s}{section.2}% 7
\BOOKMARK [2][-]{subsection.2.3}{\376\377\000F\000u\000n\000c\000t\000i\000o\000n\000s\000\040\000a\000n\000d\000\040\000S\000u\000b\000s\000t\000i\000t\000u\000t\000i\000o\000n}{section.2}% 8
\BOOKMARK [2][-]{subsection.2.4}{\376\377\000L\000o\000g\000i\000c\000\040\000a\000n\000d\000\040\000T\000y\000p\000i\000n\000g\000\040\000\050\000u\000s\000e\000d\000\040\000f\000r\000o\000m\000\040\000S\000e\000c\000t\000i\000o\000n\000\040\0001\0002\000\040\000o\000n\000w\000a\000r\000d\000\051}{section.2}% 9
\BOOKMARK [2][-]{subsection.2.5}{\376\377\000R\000e\000a\000d\000i\000n\000g\000\040\000I\000n\000f\000e\000r\000e\000n\000c\000e\000\040\000R\000u\000l\000e\000s}{section.2}% 10
\BOOKMARK [2][-]{subsection.2.6}{\376\377\000G\000r\000a\000m\000m\000a\000r\000\040\000N\000o\000t\000a\000t\000i\000o\000n}{section.2}% 11
\BOOKMARK [2][-]{subsection.2.7}{\376\377\000R\000e\000a\000d\000i\000n\000g\000\040\000a\000n\000\040\000E\000q\000u\000a\000t\000i\000o\000n\000\040\000S\000t\000e\000p\000\040\000b\000y\000\040\000S\000t\000e\000p}{section.2}% 12
\BOOKMARK [1][-]{section.3}{\376\377\000L\000e\000a\000n\0004\000\040\000i\000n\000\040\0006\0000\000\040\000S\000e\000c\000o\000n\000d\000s}{part.1}% 13
\BOOKMARK [1][-]{section.4}{\376\377\000T\000h\000e\000\040\000S\000y\000n\000t\000a\000x\000\040\000o\000f\000\040\000L\000a\000m\000b\000d\000a\000\040\000T\000e\000r\000m\000s}{part.1}% 14
\BOOKMARK [2][-]{subsection.4.1}{\376\377\000T\000h\000e\000\040\000T\000h\000r\000e\000e\000\040\000B\000u\000i\000l\000d\000i\000n\000g\000\040\000B\000l\000o\000c\000k\000s}{section.4}% 15
\BOOKMARK [2][-]{subsection.4.2}{\376\377\000P\000a\000r\000e\000n\000t\000h\000e\000s\000i\000z\000a\000t\000i\000o\000n\000\040\000C\000o\000n\000v\000e\000n\000t\000i\000o\000n\000s}{section.4}% 16
\BOOKMARK [2][-]{subsection.4.3}{\376\377\000M\000u\000l\000t\000i\000-\000a\000r\000g\000u\000m\000e\000n\000t\000\040\000F\000u\000n\000c\000t\000i\000o\000n\000s\000\040\000a\000n\000d\000\040\000C\000u\000r\000r\000y\000i\000n\000g}{section.4}% 17
\BOOKMARK [2][-]{subsection.4.4}{\376\377\000L\000e\000t\000\040\000B\000i\000n\000d\000i\000n\000g\000s\000\040\000A\000r\000e\000\040\000J\000u\000s\000t\000\040\000A\000p\000p\000l\000i\000c\000a\000t\000i\000o\000n}{section.4}% 18
\BOOKMARK [2][-]{subsection.4.5}{\376\377\000I\000m\000p\000l\000e\000m\000e\000n\000t\000i\000n\000g\000\040\000I\000t\000:\000\040\000R\000e\000p\000r\000e\000s\000e\000n\000t\000i\000n\000g\000\040\000T\000e\000r\000m\000s}{section.4}% 19
\BOOKMARK [3][-]{subsubsection.4.5.1}{\376\377\000T\000h\000i\000n\000k\000\040\000A\000b\000o\000u\000t\000\040\000I\000t}{subsection.4.5}% 20
\BOOKMARK [3][-]{subsubsection.4.5.2}{\376\377\000T\000h\000e\000\040\000A\000n\000s\000w\000e\000r\000:\000\040\000A\000n\000\040\000A\000l\000g\000e\000b\000r\000a\000i\000c\000\040\000D\000a\000t\000a\000\040\000T\000y\000p\000e}{subsection.4.5}% 21
\BOOKMARK [1][-]{section.5}{\376\377\000F\000r\000e\000e\000\040\000a\000n\000d\000\040\000B\000o\000u\000n\000d\000\040\000V\000a\000r\000i\000a\000b\000l\000e\000s}{part.1}% 22
\BOOKMARK [2][-]{subsection.5.1}{\376\377\000S\000c\000o\000p\000e\000\040\000i\000n\000\040\000L\000a\000m\000b\000d\000a\000\040\000C\000a\000l\000c\000u\000l\000u\000s}{section.5}% 23
\BOOKMARK [2][-]{subsection.5.2}{\376\377\000F\000o\000r\000m\000a\000l\000\040\000D\000e\000f\000i\000n\000i\000t\000i\000o\000n}{section.5}% 24
\BOOKMARK [2][-]{subsection.5.3}{\376\377\000C\000l\000o\000s\000e\000d\000\040\000T\000e\000r\000m\000s\000\040\000\050\000C\000o\000m\000b\000i\000n\000a\000t\000o\000r\000s\000\051}{section.5}% 25
\BOOKMARK [2][-]{subsection.5.4}{\376\377\000T\000h\000e\000\040\000D\000a\000n\000g\000e\000r\000:\000\040\000V\000a\000r\000i\000a\000b\000l\000e\000\040\000C\000a\000p\000t\000u\000r\000e}{section.5}% 26
\BOOKMARK [2][-]{subsection.5.5}{\376\377\000I\000m\000p\000l\000e\000m\000e\000n\000t\000i\000n\000g\000\040\000I\000t\000:\000\040\000F\000r\000e\000e\000\040\000V\000a\000r\000i\000a\000b\000l\000e\000s\000\040\000i\000n\000\040\000L\000e\000a\000n}{section.5}% 27
\BOOKMARK [3][-]{subsubsection.5.5.1}{\376\377\000F\000r\000e\000e\000\040\000V\000a\000r\000i\000a\000b\000l\000e\000s}{subsection.5.5}% 28
\BOOKMARK [1][-]{section.6}{\376\377\000A\000l\000p\000h\000a\000\040\000C\000o\000n\000v\000e\000r\000s\000i\000o\000n\000\040\000\050\000\051}{part.1}% 29
\BOOKMARK [2][-]{subsection.6.1}{\376\377\000T\000h\000e\000\040\000C\000o\000r\000e\000\040\000I\000d\000e\000a\000:\000\040\000N\000a\000m\000e\000s\000\040\000D\000o\000n\000'\000t\000\040\000M\000a\000t\000t\000e\000r}{section.6}% 30
\BOOKMARK [2][-]{subsection.6.2}{\376\377\000W\000h\000y\000\040\000A\000l\000p\000h\000a\000\040\000C\000o\000n\000v\000e\000r\000s\000i\000o\000n\000\040\000M\000a\000t\000t\000e\000r\000s}{section.6}% 31
\BOOKMARK [1][-]{section.7}{\376\377\000B\000e\000t\000a\000\040\000R\000e\000d\000u\000c\000t\000i\000o\000n\000\040\000\050\000\051}{part.1}% 32
\BOOKMARK [2][-]{subsection.7.1}{\376\377\000T\000h\000e\000\040\000H\000e\000a\000r\000t\000\040\000o\000f\000\040\000C\000o\000m\000p\000u\000t\000a\000t\000i\000o\000n}{section.7}% 33
\BOOKMARK [2][-]{subsection.7.2}{\376\377\000W\000h\000y\000\040\000I\000s\000\040\000T\000h\000i\000s\000\040\000`\000`\000C\000o\000m\000p\000u\000t\000a\000t\000i\000o\000n\000'\000'\000?}{section.7}% 34
\BOOKMARK [2][-]{subsection.7.3}{\376\377\000V\000i\000s\000u\000a\000l\000i\000z\000i\000n\000g\000\040\000R\000e\000d\000u\000c\000t\000i\000o\000n\000\040\000a\000s\000\040\000T\000r\000e\000e\000\040\000S\000u\000r\000g\000e\000r\000y}{section.7}% 35
\BOOKMARK [2][-]{subsection.7.4}{\376\377\000S\000u\000b\000s\000t\000i\000t\000u\000t\000i\000o\000n\000:\000\040\000T\000h\000e\000\040\000E\000n\000g\000i\000n\000e\000\040\000B\000e\000h\000i\000n\000d\000\040\000B\000e\000t\000a\000\040\000R\000e\000d\000u\000c\000t\000i\000o\000n}{section.7}% 36
\BOOKMARK [3][-]{subsubsection.7.4.1}{\376\377\000W\000h\000y\000\040\000N\000o\000t\000\040\000J\000u\000s\000t\000\040\000F\000i\000n\000d\000-\000a\000n\000d\000-\000R\000e\000p\000l\000a\000c\000e\000?}{subsection.7.4}% 37
\BOOKMARK [3][-]{subsubsection.7.4.2}{\376\377\000T\000h\000e\000\040\000C\000o\000m\000p\000l\000e\000t\000e\000\040\000R\000u\000l\000e\000s}{subsection.7.4}% 38
\BOOKMARK [3][-]{subsubsection.7.4.3}{\376\377\000R\000u\000l\000e\000\040\000b\000y\000\040\000R\000u\000l\000e\000,\000\040\000i\000n\000\040\000D\000e\000p\000t\000h}{subsection.7.4}% 39
\BOOKMARK [3][-]{subsubsection.7.4.4}{\376\377\000W\000o\000r\000k\000e\000d\000\040\000E\000x\000a\000m\000p\000l\000e\000:\000\040\000C\000a\000p\000t\000u\000r\000e\000\040\000A\000v\000o\000i\000d\000a\000n\000c\000e\000\040\000i\000n\000\040\000A\000c\000t\000i\000o\000n}{subsection.7.4}% 40
\BOOKMARK [3][-]{subsubsection.7.4.5}{\376\377\000A\000\040\000F\000l\000o\000w\000c\000h\000a\000r\000t\000\040\000f\000o\000r\000\040\000S\000u\000b\000s\000t\000i\000t\000u\000t\000i\000o\000n}{subsection.7.4}% 41
\BOOKMARK [2][-]{subsection.7.5}{\376\377\000W\000o\000r\000k\000e\000d\000\040\000R\000e\000d\000u\000c\000t\000i\000o\000n\000s}{section.7}% 42
\BOOKMARK [2][-]{subsection.7.6}{\376\377\000N\000o\000r\000m\000a\000l\000\040\000F\000o\000r\000m\000s\000:\000\040\000W\000h\000e\000n\000\040\000C\000o\000m\000p\000u\000t\000a\000t\000i\000o\000n\000\040\000I\000s\000\040\000`\000`\000D\000o\000n\000e\000'\000'}{section.7}% 43
\BOOKMARK [2][-]{subsection.7.7}{\376\377\000I\000m\000p\000l\000e\000m\000e\000n\000t\000i\000n\000g\000\040\000I\000t\000:\000\040\000S\000u\000b\000s\000t\000i\000t\000u\000t\000i\000o\000n\000\040\000a\000n\000d\000\040\000E\000v\000a\000l\000u\000a\000t\000i\000o\000n}{section.7}% 44
\BOOKMARK [3][-]{subsubsection.7.7.1}{\376\377\000S\000u\000b\000s\000t\000i\000t\000u\000t\000i\000o\000n\000:\000\040\000W\000h\000e\000r\000e\000\040\000I\000t\000\040\000G\000e\000t\000s\000\040\000I\000n\000t\000e\000r\000e\000s\000t\000i\000n\000g}{subsection.7.7}% 45
\BOOKMARK [2][-]{subsection.7.8}{\376\377\000E\000v\000a\000l\000u\000a\000t\000i\000o\000n}{section.7}% 46
\BOOKMARK [3][-]{subsubsection.7.8.1}{\376\377\000S\000i\000n\000g\000l\000e\000-\000S\000t\000e\000p\000\040\000R\000e\000d\000u\000c\000t\000i\000o\000n}{subsection.7.8}% 47
\BOOKMARK [3][-]{subsubsection.7.8.2}{\376\377\000M\000u\000l\000t\000i\000-\000S\000t\000e\000p\000\040\000w\000i\000t\000h\000\040\000F\000u\000e\000l}{subsection.7.8}% 48
\BOOKMARK [1][-]{section.8}{\376\377\000E\000v\000a\000l\000u\000a\000t\000i\000o\000n\000\040\000S\000t\000r\000a\000t\000e\000g\000i\000e\000s}{part.1}% 49
\BOOKMARK [2][-]{subsection.8.1}{\376\377\000T\000h\000e\000\040\000P\000r\000o\000b\000l\000e\000m\000:\000\040\000W\000h\000i\000c\000h\000\040\000R\000e\000d\000e\000x\000\040\000F\000i\000r\000s\000t\000?}{section.8}% 50
\BOOKMARK [2][-]{subsection.8.2}{\376\377\000T\000h\000e\000\040\000M\000a\000i\000n\000\040\000S\000t\000r\000a\000t\000e\000g\000i\000e\000s}{section.8}% 51
\BOOKMARK [2][-]{subsection.8.3}{\376\377\000W\000h\000y\000\040\000I\000t\000\040\000M\000a\000t\000t\000e\000r\000s\000:\000\040\000A\000\040\000L\000i\000f\000e\000-\000o\000r\000-\000D\000e\000a\000t\000h\000\040\000E\000x\000a\000m\000p\000l\000e}{section.8}% 52
\BOOKMARK [1][-]{section.9}{\376\377\000E\000t\000a\000\040\000C\000o\000n\000v\000e\000r\000s\000i\000o\000n\000\040\000\050\000\051}{part.1}% 53
\BOOKMARK [2][-]{subsection.9.1}{\376\377\000T\000h\000e\000\040\000C\000o\000r\000e\000\040\000I\000d\000e\000a\000:\000\040\000P\000o\000i\000n\000t\000l\000e\000s\000s\000\040\000W\000r\000a\000p\000p\000e\000r\000s}{section.9}% 54
\BOOKMARK [1][-]{section.10}{\376\377\000C\000h\000u\000r\000c\000h\000\040\000E\000n\000c\000o\000d\000i\000n\000g\000s}{part.1}% 55
\BOOKMARK [2][-]{subsection.10.1}{\376\377\000T\000h\000e\000\040\000B\000i\000g\000\040\000I\000d\000e\000a\000:\000\040\000E\000v\000e\000r\000y\000t\000h\000i\000n\000g\000\040\000I\000s\000\040\000a\000\040\000F\000u\000n\000c\000t\000i\000o\000n}{section.10}% 56
\BOOKMARK [2][-]{subsection.10.2}{\376\377\000C\000h\000u\000r\000c\000h\000\040\000B\000o\000o\000l\000e\000a\000n\000s}{section.10}% 57
\BOOKMARK [2][-]{subsection.10.3}{\376\377\000C\000h\000u\000r\000c\000h\000\040\000N\000u\000m\000e\000r\000a\000l\000s}{section.10}% 58
\BOOKMARK [2][-]{subsection.10.4}{\376\377\000C\000h\000u\000r\000c\000h\000\040\000P\000a\000i\000r\000s}{section.10}% 59
\BOOKMARK [2][-]{subsection.10.5}{\376\377\000I\000s\000Z\000e\000r\000o\000\040\000a\000n\000d\000\040\000P\000r\000e\000d\000e\000c\000e\000s\000s\000o\000r}{section.10}% 60
\BOOKMARK [2][-]{subsection.10.6}{\376\377\000C\000h\000u\000r\000c\000h\000-\000E\000n\000c\000o\000d\000e\000d\000\040\000L\000i\000s\000t\000s}{section.10}% 61
\BOOKMARK [2][-]{subsection.10.7}{\376\377\000T\000h\000e\000\040\000S\000o\000l\000u\000t\000i\000o\000n\000:\000\040\000F\000i\000x\000e\000d\000-\000P\000o\000i\000n\000t\000\040\000C\000o\000m\000b\000i\000n\000a\000t\000o\000r\000s}{section.10}% 62
\BOOKMARK [2][-]{subsection.10.8}{\376\377\000T\000h\000e\000\040\000Y\000\040\000C\000o\000m\000b\000i\000n\000a\000t\000o\000r}{section.10}% 63
\BOOKMARK [2][-]{subsection.10.9}{\376\377\000T\000h\000e\000\040\000Z\000\040\000C\000o\000m\000b\000i\000n\000a\000t\000o\000r\000\040\000\050\000C\000a\000l\000l\000-\000b\000y\000-\000V\000a\000l\000u\000e\000\051}{section.10}% 64
\BOOKMARK [2][-]{subsection.10.10}{\376\377\000F\000a\000c\000t\000o\000r\000i\000a\000l\000:\000\040\000P\000u\000t\000t\000i\000n\000g\000\040\000I\000t\000\040\000A\000l\000l\000\040\000T\000o\000g\000e\000t\000h\000e\000r}{section.10}% 65
\BOOKMARK [0][-]{part.2}{\376\377\000I\000I\000\040\000G\000o\000i\000n\000g\000\040\000D\000e\000e\000p\000e\000r}{}% 66
\BOOKMARK [1][-]{section.11}{\376\377\000D\000e\000\040\000B\000r\000u\000i\000j\000n\000\040\000I\000n\000d\000i\000c\000e\000s}{part.2}% 67
\BOOKMARK [2][-]{subsection.11.1}{\376\377\000S\000h\000i\000f\000t\000i\000n\000g\000\040\000a\000n\000d\000\040\000S\000u\000b\000s\000t\000i\000t\000u\000t\000i\000o\000n}{section.11}% 68
\BOOKMARK [2][-]{subsection.11.2}{\376\377\000I\000m\000p\000l\000e\000m\000e\000n\000t\000i\000n\000g\000\040\000I\000t\000:\000\040\000D\000e\000\040\000B\000r\000u\000i\000j\000n\000\040\000i\000n\000\040\000L\000e\000a\000n}{section.11}% 69
\BOOKMARK [3][-]{subsubsection.11.2.1}{\376\377\000W\000h\000e\000n\000\040\000N\000a\000m\000e\000s\000\040\000F\000i\000g\000h\000t\000\040\000B\000a\000c\000k}{subsection.11.2}% 70
\BOOKMARK [3][-]{subsubsection.11.2.2}{\376\377\000T\000h\000e\000\040\000I\000n\000s\000i\000g\000h\000t\000:\000\040\000C\000o\000u\000n\000t\000,\000\040\000D\000o\000n\000'\000t\000\040\000N\000a\000m\000e}{subsection.11.2}% 71
\BOOKMARK [3][-]{subsubsection.11.2.3}{\376\377\000T\000h\000e\000\040\000N\000e\000w\000\040\000C\000h\000a\000l\000l\000e\000n\000g\000e\000:\000\040\000S\000h\000i\000f\000t\000i\000n\000g}{subsection.11.2}% 72
\BOOKMARK [3][-]{subsubsection.11.2.4}{\376\377\000D\000i\000f\000f\000e\000r\000e\000n\000t\000\040\000S\000t\000r\000a\000t\000e\000g\000i\000e\000s}{subsection.11.2}% 73
\BOOKMARK [1][-]{section.12}{\376\377\000T\000h\000e\000\040\000S\000i\000m\000p\000l\000y\000\040\000T\000y\000p\000e\000d\000\040\000L\000a\000m\000b\000d\000a\000\040\000C\000a\000l\000c\000u\000l\000u\000s}{part.2}% 74
\BOOKMARK [2][-]{subsection.12.1}{\376\377\000T\000y\000p\000e\000s}{section.12}% 75
\BOOKMARK [2][-]{subsection.12.2}{\376\377\000T\000u\000r\000n\000s\000t\000i\000l\000e\000\040\000N\000o\000t\000a\000t\000i\000o\000n\000\040\000a\000n\000d\000\040\000T\000y\000p\000i\000n\000g\000\040\000J\000u\000d\000g\000m\000e\000n\000t\000s}{section.12}% 76
\BOOKMARK [2][-]{subsection.12.3}{\376\377\000T\000y\000p\000i\000n\000g\000\040\000R\000u\000l\000e\000s\000\040\000a\000s\000\040\000I\000n\000f\000e\000r\000e\000n\000c\000e\000\040\000R\000u\000l\000e\000s}{section.12}% 77
\BOOKMARK [2][-]{subsection.12.4}{\376\377\000B\000u\000i\000l\000d\000i\000n\000g\000\040\000a\000\040\000P\000r\000o\000o\000f\000\040\000T\000r\000e\000e\000:\000\040\000T\000h\000e\000\040\000D\000e\000t\000e\000c\000t\000i\000v\000e\000\040\000M\000e\000t\000h\000o\000d}{section.12}% 78
\BOOKMARK [2][-]{subsection.12.5}{\376\377\000M\000o\000r\000e\000\040\000W\000o\000r\000k\000e\000d\000\040\000E\000x\000a\000m\000p\000l\000e\000s}{section.12}% 79
\BOOKMARK [2][-]{subsection.12.6}{\376\377\000N\000o\000t\000a\000t\000i\000o\000n\000a\000l\000\040\000S\000h\000o\000r\000t\000h\000a\000n\000d\000\040\000i\000n\000\040\000P\000r\000o\000o\000f\000\040\000T\000r\000e\000e\000s}{section.12}% 80
\BOOKMARK [2][-]{subsection.12.7}{\376\377\000K\000e\000y\000\040\000T\000h\000e\000o\000r\000e\000m\000s\000\040\000o\000f\000\040\000t\000h\000e\000\040\000S\000T\000L\000C}{section.12}% 81
\BOOKMARK [2][-]{subsection.12.8}{\376\377\000I\000m\000p\000l\000e\000m\000e\000n\000t\000i\000n\000g\000\040\000I\000t\000:\000\040\000A\000\040\000T\000y\000p\000e\000\040\000C\000h\000e\000c\000k\000e\000r\000\040\000i\000n\000\040\000L\000e\000a\000n}{section.12}% 82
\BOOKMARK [3][-]{subsubsection.12.8.1}{\376\377\000T\000h\000e\000\040\000M\000o\000t\000i\000v\000a\000t\000i\000o\000n}{subsection.12.8}% 83
\BOOKMARK [1][-]{section.13}{\376\377\000S\000c\000o\000t\000t\000\040\000E\000n\000c\000o\000d\000i\000n\000g\000s}{part.2}% 84
\BOOKMARK [2][-]{subsection.13.1}{\376\377\000A\000n\000\040\000A\000l\000t\000e\000r\000n\000a\000t\000i\000v\000e\000\040\000t\000o\000\040\000C\000h\000u\000r\000c\000h}{section.13}% 85
\BOOKMARK [2][-]{subsection.13.2}{\376\377\000R\000e\000a\000d\000i\000n\000g\000\040\000t\000h\000e\000\040\000N\000o\000t\000a\000t\000i\000o\000n}{section.13}% 86
\BOOKMARK [2][-]{subsection.13.3}{\376\377\000S\000c\000o\000t\000t\000\040\000B\000o\000o\000l\000e\000a\000n\000s}{section.13}% 87
\BOOKMARK [2][-]{subsection.13.4}{\376\377\000S\000c\000o\000t\000t\000\040\000N\000u\000m\000e\000r\000a\000l\000s}{section.13}% 88
\BOOKMARK [2][-]{subsection.13.5}{\376\377\000S\000c\000o\000t\000t\000-\000E\000n\000c\000o\000d\000e\000d\000\040\000L\000i\000s\000t\000s}{section.13}% 89
\BOOKMARK [1][-]{section.14}{\376\377\000T\000h\000e\000\040\000C\000u\000r\000r\000y\040\023\000H\000o\000w\000a\000r\000d\000\040\000C\000o\000r\000r\000e\000s\000p\000o\000n\000d\000e\000n\000c\000e}{part.2}% 90
\BOOKMARK [2][-]{subsection.14.1}{\376\377\000T\000y\000p\000e\000s\000\040\000A\000r\000e\000\040\000P\000r\000o\000p\000o\000s\000i\000t\000i\000o\000n\000s\000;\000\040\000P\000r\000o\000g\000r\000a\000m\000s\000\040\000A\000r\000e\000\040\000P\000r\000o\000o\000f\000s}{section.14}% 91
\BOOKMARK [2][-]{subsection.14.2}{\376\377\000E\000x\000a\000m\000p\000l\000e\000s}{section.14}% 92
\BOOKMARK [1][-]{section.15}{\376\377\000I\000n\000t\000u\000i\000t\000i\000o\000n\000i\000s\000t\000i\000c\000\040\000L\000o\000g\000i\000c}{part.2}% 93
\BOOKMARK [2][-]{subsection.15.1}{\376\377\000T\000h\000e\000\040\000C\000l\000a\000s\000s\000i\000c\000a\000l\000\040\000V\000i\000e\000w}{section.15}% 94
\BOOKMARK [1][-]{section.16}{\376\377\000S\000y\000s\000t\000e\000m\000\040\000F\000:\000\040\000P\000o\000l\000y\000m\000o\000r\000p\000h\000i\000s\000m}{part.2}% 95
\BOOKMARK [2][-]{subsection.16.1}{\376\377\000T\000h\000e\000\040\000P\000r\000o\000b\000l\000e\000m\000\040\000o\000f\000\040\000R\000e\000p\000e\000t\000i\000t\000i\000o\000n}{section.16}% 96
\BOOKMARK [2][-]{subsection.16.2}{\376\377\000T\000w\000o\000\040\000I\000n\000d\000e\000p\000e\000n\000d\000e\000n\000t\000\040\000D\000i\000s\000c\000o\000v\000e\000r\000i\000e\000s}{section.16}% 97
\BOOKMARK [2][-]{subsection.16.3}{\376\377\000T\000h\000e\000\040\000K\000e\000y\000\040\000I\000d\000e\000a}{section.16}% 98
\BOOKMARK [2][-]{subsection.16.4}{\376\377\000T\000h\000e\000\040\000P\000h\000i\000l\000o\000s\000o\000p\000h\000i\000c\000a\000l\000\040\000S\000i\000g\000n\000i\000f\000i\000c\000a\000n\000c\000e}{section.16}% 99
\BOOKMARK [2][-]{subsection.16.5}{\376\377\000I\000m\000p\000l\000e\000m\000e\000n\000t\000i\000n\000g\000\040\000S\000y\000s\000t\000e\000m\000\040\000F}{section.16}% 100
\BOOKMARK [1][-]{section.17}{\376\377\000S\000y\000s\000t\000e\000m\000\040\000F\000:\000\040\000T\000y\000p\000e\000\040\000O\000p\000e\000r\000a\000t\000o\000r\000s}{part.2}% 101
\BOOKMARK [2][-]{subsection.17.1}{\376\377\000F\000r\000o\000m\000\040\000T\000y\000p\000e\000s\000\040\000t\000o\000\040\000K\000i\000n\000d\000\040\000S\000y\000s\000t\000e\000m\000s}{section.17}% 102
\BOOKMARK [2][-]{subsection.17.2}{\376\377\000T\000y\000p\000e\000-\000L\000e\000v\000e\000l\000\040\000F\000u\000n\000c\000t\000i\000o\000n\000s}{section.17}% 103
\BOOKMARK [2][-]{subsection.17.3}{\376\377\000W\000h\000a\000t\000\040\000S\000y\000s\000t\000e\000m\000\040\000F\000\040\000E\000n\000a\000b\000l\000e\000s}{section.17}% 104
\BOOKMARK [2][-]{subsection.17.4}{\376\377\000S\000y\000s\000t\000e\000m\000\040\000F\000\040\000i\000n\000\040\000P\000r\000a\000c\000t\000i\000c\000e}{section.17}% 105
\BOOKMARK [1][-]{section.18}{\376\377\000T\000h\000e\000\040\000L\000a\000m\000b\000d\000a\000\040\000C\000u\000b\000e}{part.2}% 106
\BOOKMARK [2][-]{subsection.18.1}{\376\377\000T\000h\000e\000\040\000Q\000u\000e\000s\000t\000i\000o\000n\000:\000\040\000W\000h\000a\000t\000\040\000C\000a\000n\000\040\000D\000e\000p\000e\000n\000d\000\040\000o\000n\000\040\000W\000h\000a\000t\000?}{section.18}% 107
\BOOKMARK [2][-]{subsection.18.2}{\376\377\000B\000a\000r\000e\000n\000d\000r\000e\000g\000t\000'\000s\000\040\000C\000l\000a\000s\000s\000i\000f\000i\000c\000a\000t\000i\000o\000n}{section.18}% 108
\BOOKMARK [2][-]{subsection.18.3}{\376\377\000W\000h\000y\000\040\000a\000\040\000C\000u\000b\000e\000?}{section.18}% 109
\BOOKMARK [2][-]{subsection.18.4}{\376\377\000T\000y\000p\000e\000s\000\040\000\040\000T\000y\000p\000e\000s\000\040\000i\000n\000\040\000P\000r\000a\000c\000t\000i\000c\000e}{section.18}% 110
\BOOKMARK [2][-]{subsection.18.5}{\376\377\000S\000i\000m\000u\000l\000a\000t\000i\000o\000n\000\040\000I\000s\000\040\000N\000o\000t\000\040\000t\000h\000e\000\040\000S\000a\000m\000e\000\040\000a\000s\000\040\000N\000a\000t\000i\000v\000e\000\040\000S\000u\000p\000p\000o\000r\000t}{section.18}% 111
\BOOKMARK [1][-]{section.19}{\376\377\000D\000e\000p\000e\000n\000d\000e\000n\000t\000\040\000T\000y\000p\000e\000s\000:\000\040\000T\000y\000p\000e\000s\000\040\000T\000h\000a\000t\000\040\000C\000o\000m\000p\000u\000t\000e}{part.2}% 112
\BOOKMARK [2][-]{subsection.19.1}{\376\377\000M\000a\000r\000t\000i\000n\000-\000L\000\366\000f\000'\000s\000\040\000T\000y\000p\000e\000\040\000T\000h\000e\000o\000r\000y}{section.19}% 113
\BOOKMARK [2][-]{subsection.19.2}{\376\377\000F\000r\000o\000m\000\040\000P\000h\000i\000l\000o\000s\000o\000p\000h\000y\000\040\000t\000o\000\040\000S\000o\000f\000t\000w\000a\000r\000e}{section.19}% 114
\BOOKMARK [2][-]{subsection.19.3}{\376\377\000H\000o\000w\000\040\000D\000e\000p\000e\000n\000d\000e\000n\000t\000\040\000T\000y\000p\000e\000s\000\040\000W\000o\000r\000k}{section.19}% 115
\BOOKMARK [2][-]{subsection.19.4}{\376\377\000T\000h\000e\000\040\000U\000n\000i\000f\000i\000c\000a\000t\000i\000o\000n\000:\000\040\000T\000y\000p\000e\000s\000\040\000A\000r\000e\000\040\000T\000e\000r\000m\000s}{section.19}% 116
\BOOKMARK [2][-]{subsection.19.5}{\376\377\000T\000h\000e\000\040\000P\000r\000i\000c\000e\000\040\000o\000f\000\040\000P\000o\000w\000e\000r\000:\000\040\000U\000n\000d\000e\000c\000i\000d\000a\000b\000i\000l\000i\000t\000y\000\040\000a\000n\000d\000\040\000T\000y\000p\000e\000\040\000:\000\040\000T\000y\000p\000e}{section.19}% 117
\BOOKMARK [2][-]{subsection.19.6}{\376\377\000I\000m\000p\000l\000e\000m\000e\000n\000t\000i\000n\000g\000\040\000a\000\040\000D\000e\000p\000e\000n\000d\000e\000n\000t\000\040\000T\000y\000p\000e\000\040\000C\000h\000e\000c\000k\000e\000r}{section.19}% 118
\BOOKMARK [1][-]{section.20}{\376\377\000T\000y\000p\000e\000\040\000C\000h\000e\000c\000k\000i\000n\000g\000\040\000I\000s\000\040\000P\000r\000o\000o\000f\000\040\000C\000h\000e\000c\000k\000i\000n\000g}{part.2}% 119
\BOOKMARK [1][-]{section.21}{\376\377\000P\000a\000r\000s\000i\000n\000g\000\040\000L\000a\000m\000b\000d\000a\000\040\000C\000a\000l\000c\000u\000l\000u\000s}{part.2}% 120
\BOOKMARK [2][-]{subsection.21.1}{\376\377\000W\000h\000a\000t\000\040\000P\000a\000r\000s\000i\000n\000g\000\040\000I\000s}{section.21}% 121
\BOOKMARK [2][-]{subsection.21.2}{\376\377\000T\000h\000e\000\040\000G\000r\000a\000m\000m\000a\000r}{section.21}% 122
\BOOKMARK [2][-]{subsection.21.3}{\376\377\000A\000p\000p\000r\000o\000a\000c\000h\000\040\0001\000:\000\040\000R\000e\000c\000u\000r\000s\000i\000v\000e\000\040\000D\000e\000s\000c\000e\000n\000t}{section.21}% 123
\BOOKMARK [2][-]{subsection.21.4}{\376\377\000A\000p\000p\000r\000o\000a\000c\000h\000\040\0002\000:\000\040\000P\000a\000r\000s\000e\000r\000\040\000C\000o\000m\000b\000i\000n\000a\000t\000o\000r\000s\000\040\000\050\000T\000h\000e\000\040\000P\000a\000r\000s\000e\000c\000\040\000I\000d\000e\000a\000\051}{section.21}% 124
\BOOKMARK [3][-]{subsubsection.21.4.1}{\376\377\000T\000h\000e\000\040\000C\000o\000r\000e\000\040\000A\000b\000s\000t\000r\000a\000c\000t\000i\000o\000n}{subsection.21.4}% 125
\BOOKMARK [3][-]{subsubsection.21.4.2}{\376\377\000P\000r\000i\000m\000i\000t\000i\000v\000e\000\040\000C\000o\000m\000b\000i\000n\000a\000t\000o\000r\000s}{subsection.21.4}% 126
\BOOKMARK [3][-]{subsubsection.21.4.3}{\376\377\000S\000e\000q\000u\000e\000n\000t\000i\000a\000l\000\040\000C\000o\000m\000p\000o\000s\000i\000t\000i\000o\000n\000:\000\040\000B\000i\000n\000d}{subsection.21.4}% 127
\BOOKMARK [3][-]{subsubsection.21.4.4}{\376\377\000C\000h\000o\000i\000c\000e\000:\000\040\000O\000r\000-\000E\000l\000s\000e}{subsection.21.4}% 128
\BOOKMARK [3][-]{subsubsection.21.4.5}{\376\377\000R\000e\000p\000e\000t\000i\000t\000i\000o\000n}{subsection.21.4}% 129
\BOOKMARK [3][-]{subsubsection.21.4.6}{\376\377\000W\000h\000i\000t\000e\000s\000p\000a\000c\000e\000\040\000a\000n\000d\000\040\000T\000o\000k\000e\000n\000s}{subsection.21.4}% 130
\BOOKMARK [3][-]{subsubsection.21.4.7}{\376\377\000P\000a\000r\000s\000e\000r\000s\000\040\000a\000s\000\040\000F\000u\000n\000c\000t\000o\000r\000,\000\040\000A\000p\000p\000l\000i\000c\000a\000t\000i\000v\000e\000,\000\040\000a\000n\000d\000\040\000M\000o\000n\000a\000d}{subsection.21.4}% 131
\BOOKMARK [3][-]{subsubsection.21.4.8}{\376\377\000B\000u\000i\000l\000d\000i\000n\000g\000\040\000O\000u\000r\000\040\000L\000a\000m\000b\000d\000a\000\040\000P\000a\000r\000s\000e\000r}{subsection.21.4}% 132
\BOOKMARK [3][-]{subsubsection.21.4.9}{\376\377\000B\000a\000c\000k\000t\000r\000a\000c\000k\000i\000n\000g\000\040\000a\000n\000d\000\040\000C\000o\000m\000m\000i\000t\000t\000e\000d\000\040\000C\000h\000o\000i\000c\000e}{subsection.21.4}% 133
\BOOKMARK [3][-]{subsubsection.21.4.10}{\376\377\000F\000r\000o\000m\000\040\000W\000a\000d\000l\000e\000r\000\040\000t\000o\000\040\000P\000a\000r\000s\000e\000c\000:\000\040\000T\000h\000e\000\040\000H\000i\000s\000t\000o\000r\000y}{subsection.21.4}% 134
\BOOKMARK [2][-]{subsection.21.5}{\376\377\000N\000a\000m\000e\000d\000-\000t\000o\000-\000D\000e\000-\000B\000r\000u\000i\000j\000n\000\040\000C\000o\000n\000v\000e\000r\000s\000i\000o\000n}{section.21}% 135
\BOOKMARK [2][-]{subsection.21.6}{\376\377\000A\000\040\000D\000e\000f\000i\000n\000i\000t\000i\000o\000n\000s\000\040\000E\000n\000v\000i\000r\000o\000n\000m\000e\000n\000t}{section.21}% 136
\BOOKMARK [1][-]{section.22}{\376\377\000P\000u\000t\000t\000i\000n\000g\000\040\000I\000t\000\040\000A\000l\000l\000\040\000T\000o\000g\000e\000t\000h\000e\000r\000:\000\040\000T\000h\000e\000\040\000R\000E\000P\000L}{part.2}% 137
\BOOKMARK [2][-]{subsection.22.1}{\376\377\000W\000h\000a\000t\000\040\000a\000\040\000R\000E\000P\000L\000\040\000I\000s}{section.22}% 138
\BOOKMARK [2][-]{subsection.22.2}{\376\377\000T\000h\000e\000\040\000P\000i\000p\000e\000l\000i\000n\000e}{section.22}% 139
\BOOKMARK [2][-]{subsection.22.3}{\376\377\000S\000t\000a\000t\000e\000\040\000a\000n\000d\000\040\000C\000o\000m\000m\000a\000n\000d\000s}{section.22}% 140
\BOOKMARK [2][-]{subsection.22.4}{\376\377\000E\000x\000a\000m\000p\000l\000e\000\040\000S\000e\000s\000s\000i\000o\000n}{section.22}% 141
\BOOKMARK [2][-]{subsection.22.5}{\376\377\000E\000x\000t\000e\000n\000d\000i\000n\000g\000\040\000t\000o\000\040\000a\000\040\000T\000y\000p\000e\000d\000\040\000R\000E\000P\000L}{section.22}% 142
\BOOKMARK [3][-]{subsubsection.22.5.1}{\376\377\000A\000d\000d\000i\000n\000g\000\040\000T\000y\000p\000e\000\040\000C\000h\000e\000c\000k\000i\000n\000g}{subsection.22.5}% 143
\BOOKMARK [3][-]{subsubsection.22.5.2}{\376\377\000A\000d\000d\000i\000n\000g\000\040\000T\000y\000p\000e\000\040\000A\000n\000n\000o\000t\000a\000t\000i\000o\000n\000s}{subsection.22.5}% 144
\BOOKMARK [3][-]{subsubsection.22.5.3}{\376\377\000A\000d\000d\000i\000n\000g\000\040\000C\000o\000m\000m\000a\000n\000d\000s}{subsection.22.5}% 145
\BOOKMARK [1][-]{section.23}{\376\377\000T\000h\000e\000\040\000L\000a\000n\000d\000s\000c\000a\000p\000e\000:\000\040\000F\000r\000o\000m\000\040\000S\000T\000L\000C\000\040\000t\000o\000\040\000L\000e\000a\000n}{part.2}% 146
\BOOKMARK [2][-]{subsection.23.1}{\376\377\000T\000h\000e\000\040\000H\000i\000s\000t\000o\000r\000i\000c\000a\000l\000\040\000A\000r\000c}{section.23}% 147
\BOOKMARK [2][-]{subsection.23.2}{\376\377\000W\000h\000a\000t\000\040\000E\000a\000c\000h\000\040\000E\000x\000t\000e\000n\000s\000i\000o\000n\000\040\000C\000o\000s\000t\000s}{section.23}% 148
\BOOKMARK [2][-]{subsection.23.3}{\376\377\000T\000h\000e\000\040\000P\000h\000i\000l\000o\000s\000o\000p\000h\000i\000c\000a\000l\000\040\000T\000h\000r\000e\000a\000d}{section.23}% 149
\BOOKMARK [1][-]{section.24}{\376\377\000C\000o\000m\000m\000o\000n\000\040\000M\000i\000s\000t\000a\000k\000e\000s\000\040\000a\000n\000d\000\040\000F\000A\000Q}{part.2}% 150
\BOOKMARK [2][-]{subsection.24.1}{\376\377\000`\000`\000C\000a\000n\000\040\000I\000\040\000w\000r\000i\000t\000e\000\040\000\050\000x\000,\000\040\000y\000\051\000.\000\040\000e\000\040\000f\000o\000r\000\040\000a\000\040\000f\000u\000n\000c\000t\000i\000o\000n\000\040\000o\000f\000\040\000t\000w\000o\000\040\000a\000r\000g\000u\000m\000e\000n\000t\000s\000?\000'\000'}{section.24}% 151
\BOOKMARK [2][-]{subsection.24.2}{\376\377\000`\000`\000W\000h\000a\000t\000'\000s\000\040\000t\000h\000e\000\040\000d\000i\000f\000f\000e\000r\000e\000n\000c\000e\000\040\000b\000e\000t\000w\000e\000e\000n\000\040\000=\000\040\000a\000n\000d\000\040\000?\000'\000'}{section.24}% 152
\BOOKMARK [2][-]{subsection.24.3}{\376\377\000`\000`\000W\000h\000y\000\040\000d\000o\000e\000s\000\040\000m\000y\000\040\000r\000e\000d\000u\000c\000t\000i\000o\000n\000\040\000s\000e\000e\000m\000\040\000t\000o\000\040\000g\000o\000\040\000i\000n\000\040\000c\000i\000r\000c\000l\000e\000s\000?\000'\000'}{section.24}% 153
\BOOKMARK [2][-]{subsection.24.4}{\376\377\000`\000`\000I\000s\000\040\000x\000.\000\040\000x\000\040\000x\000\040\000t\000y\000p\000e\000a\000b\000l\000e\000?\000'\000'}{section.24}% 154
\BOOKMARK [2][-]{subsection.24.5}{\376\377\000`\000`\000W\000h\000a\000t\000'\000s\000\040\000t\000h\000e\000\040\000d\000i\000f\000f\000e\000r\000e\000n\000c\000e\000\040\000b\000e\000t\000w\000e\000e\000n\000\040\000-\0003\000m\000u\000\040\000a\000n\000d\000\040\000?\000'\000'}{section.24}% 155
\BOOKMARK [2][-]{subsection.24.6}{\376\377\000`\000`\0000\000\040\000a\000n\000d\000\040\000F\000a\000l\000s\000e\000\040\000a\000r\000e\000\040\000t\000h\000e\000\040\000s\000a\000m\000e\000\040\000t\000e\000r\000m\000.\000\040\000I\000s\000n\000'\000t\000\040\000t\000h\000a\000t\000\040\000a\000\040\000p\000r\000o\000b\000l\000e\000m\000?\000'\000'}{section.24}% 156
\BOOKMARK [2][-]{subsection.24.7}{\376\377\000`\000`\000W\000h\000y\000\040\000d\000o\000\040\000I\000\040\000n\000e\000e\000d\000\040\000d\000e\000\040\000B\000r\000u\000i\000j\000n\000\040\000i\000n\000d\000i\000c\000e\000s\000?\000\040\000N\000a\000m\000e\000d\000\040\000v\000a\000r\000i\000a\000b\000l\000e\000s\000\040\000s\000e\000e\000m\000\040\000f\000i\000n\000e\000.\000'\000'}{section.24}% 157
\BOOKMARK [2][-]{subsection.24.8}{\376\377\000`\000`\000C\000a\000n\000\040\000I\000\040\000u\000s\000e\000\040\000l\000a\000m\000b\000d\000a\000\040\000c\000a\000l\000c\000u\000l\000u\000s\000\040\000a\000s\000\040\000a\000n\000\040\000a\000c\000t\000u\000a\000l\000\040\000p\000r\000o\000g\000r\000a\000m\000m\000i\000n\000g\000\040\000l\000a\000n\000g\000u\000a\000g\000e\000?\000'\000'}{section.24}% 158
\BOOKMARK [2][-]{subsection.24.9}{\376\377\000`\000`\000W\000h\000y\000\040\000i\000s\000\040\000i\000t\000\040\000c\000a\000l\000l\000e\000d\000\040\000`\000l\000a\000m\000b\000d\000a\000'\000?\000\040\000W\000h\000a\000t\000\040\000d\000o\000e\000s\000\040\000t\000h\000e\000\040\000\040\000s\000y\000m\000b\000o\000l\000\040\000m\000e\000a\000n\000?\000'\000'}{section.24}% 159
\BOOKMARK [0][-]{part.3}{\376\377\000I\000I\000I\000\040\000B\000u\000i\000l\000d\000i\000n\000g\000\040\000a\000\040\000L\000a\000m\000b\000d\000a\000\040\000C\000a\000l\000c\000u\000l\000u\000s\000\040\000I\000n\000t\000e\000r\000p\000r\000e\000t\000e\000r}{}% 160
\BOOKMARK [1][-]{section.25}{\376\377\000W\000h\000e\000r\000e\000\040\000t\000o\000\040\000G\000o\000\040\000f\000r\000o\000m\000\040\000H\000e\000r\000e}{part.3}% 161
\BOOKMARK [1][-]{section.A}{\376\377\000A\000\040\000L\000e\000a\000n\0004\000\040\000P\000r\000i\000m\000e\000r}{part.3}% 162
\BOOKMARK [1][-]{section.B}{\376\377\000Q\000u\000i\000c\000k\000\040\000R\000e\000f\000e\000r\000e\000n\000c\000e\000\040\000C\000a\000r\000d}{part.3}% 163
\BOOKMARK [1][-]{section.C}{\376\377\000G\000l\000o\000s\000s\000a\000r\000y}{part.3}% 164
\BOOKMARK [1][-]{section.D}{\376\377\000E\000x\000e\000r\000c\000i\000s\000e\000\040\000S\000o\000l\000u\000t\000i\000o\000n\000s}{part.3}% 165
\BOOKMARK [1][-]{section.E}{\376\377\000C\000o\000m\000p\000l\000e\000t\000e\000\040\000I\000m\000p\000l\000e\000m\000e\000n\000t\000a\000t\000i\000o\000n}{part.3}% 166
