\BOOKMARK [0][-]{chapter*.1}{\376\377\000P\000r\000e\000f\000a\000c\000e}{}% 1
\BOOKMARK [-1][-]{part.1}{\376\377\000I\000\040\000B\000u\000i\000l\000d\000i\000n\000g\000\040\000t\000h\000e\000\040\000R\000e\000a\000l\000\040\000N\000u\000m\000b\000e\000r\000s\000\040\000f\000r\000o\000m\000\040\000S\000c\000r\000a\000t\000c\000h}{}% 2
\BOOKMARK [0][-]{chapter.1}{\376\377\000T\000h\000e\000\040\000N\000a\000t\000u\000r\000a\000l\000\040\000N\000u\000m\000b\000e\000r\000s}{part.1}% 3
\BOOKMARK [1][-]{section.1.1}{\376\377\000T\000h\000e\000\040\000P\000e\000a\000n\000o\000\040\000A\000x\000i\000o\000m\000s}{chapter.1}% 4
\BOOKMARK [1][-]{section.1.2}{\376\377\000A\000r\000i\000t\000h\000m\000e\000t\000i\000c\000\040\000b\000y\000\040\000R\000e\000c\000u\000r\000s\000i\000o\000n}{chapter.1}% 5
\BOOKMARK [1][-]{section.1.3}{\376\377\000T\000h\000e\000\040\000O\000r\000d\000e\000r\000\040\000o\000n\000\040\000N}{chapter.1}% 6
\BOOKMARK [0][-]{chapter.2}{\376\377\000T\000h\000e\000\040\000I\000n\000t\000e\000g\000e\000r\000s}{part.1}% 7
\BOOKMARK [1][-]{section.2.1}{\376\377\000C\000o\000n\000s\000t\000r\000u\000c\000t\000i\000n\000g\000\040\000Z}{chapter.2}% 8
\BOOKMARK [1][-]{section.2.2}{\376\377\000R\000i\000n\000g\000\040\000A\000x\000i\000o\000m\000s\000\040\000f\000o\000r\000\040\000Z}{chapter.2}% 9
\BOOKMARK [0][-]{chapter.3}{\376\377\000T\000h\000e\000\040\000R\000a\000t\000i\000o\000n\000a\000l\000s}{part.1}% 10
\BOOKMARK [1][-]{section.3.1}{\376\377\000C\000o\000n\000s\000t\000r\000u\000c\000t\000i\000n\000g\000\040\000Q}{chapter.3}% 11
\BOOKMARK [0][-]{chapter.4}{\376\377\000W\000h\000y\000\040\000Q\000\040\000I\000s\000\040\000N\000o\000t\000\040\000E\000n\000o\000u\000g\000h}{part.1}% 12
\BOOKMARK [1][-]{section.4.1}{\376\377\000T\000h\000e\000\040\000I\000r\000r\000a\000t\000i\000o\000n\000a\000l\000i\000t\000y\000\040\000o\000f\000\040\000s\000q\000r\000t\000\040\0002}{chapter.4}% 13
\BOOKMARK [1][-]{section.4.2}{\376\377\000C\000a\000u\000c\000h\000y\000\040\000S\000e\000q\000u\000e\000n\000c\000e\000s\000\040\000W\000i\000t\000h\000o\000u\000t\000\040\000R\000a\000t\000i\000o\000n\000a\000l\000\040\000L\000i\000m\000i\000t\000s}{chapter.4}% 14
\BOOKMARK [0][-]{chapter.5}{\376\377\000T\000h\000e\000\040\000R\000e\000a\000l\000\040\000N\000u\000m\000b\000e\000r\000s}{part.1}% 15
\BOOKMARK [1][-]{section.5.1}{\376\377\000C\000a\000u\000c\000h\000y\000\040\000C\000o\000m\000p\000l\000e\000t\000i\000o\000n\000\040\000o\000f\000\040\000Q}{chapter.5}% 16
\BOOKMARK [1][-]{section.5.2}{\376\377\000C\000o\000m\000p\000l\000e\000t\000e\000n\000e\000s\000s\000\040\000a\000n\000d\000\040\000K\000e\000y\000\040\000P\000r\000o\000p\000e\000r\000t\000i\000e\000s\000\040\000o\000f\000\040\000R}{chapter.5}% 17
\BOOKMARK [-1][-]{part.2}{\376\377\000I\000I\000\040\000T\000o\000p\000o\000l\000o\000g\000y\000\040\000o\000f\000\040\000R\000\040\000a\000n\000d\000\040\000L\000i\000m\000i\000t\000s}{}% 18
\BOOKMARK [0][-]{chapter.6}{\376\377\000S\000e\000q\000u\000e\000n\000c\000e\000s\000\040\000a\000n\000d\000\040\000C\000o\000n\000v\000e\000r\000g\000e\000n\000c\000e}{part.2}% 19
\BOOKMARK [1][-]{section.6.1}{\376\377\000F\000r\000o\000m\000\040\000M\000y\000R\000e\000a\000l\000\040\000t\000o\000\040\000M\000a\000t\000h\000l\000i\000b}{chapter.6}% 20
\BOOKMARK [1][-]{section.6.2}{\376\377\000C\000o\000n\000v\000e\000r\000g\000e\000n\000c\000e\000\040\000o\000f\000\040\000S\000e\000q\000u\000e\000n\000c\000e\000s}{chapter.6}% 21
\BOOKMARK [1][-]{section.6.3}{\376\377\000A\000l\000g\000e\000b\000r\000a\000\040\000o\000f\000\040\000L\000i\000m\000i\000t\000s}{chapter.6}% 22
\BOOKMARK [1][-]{section.6.4}{\376\377\000I\000m\000p\000o\000r\000t\000a\000n\000t\000\040\000L\000i\000m\000i\000t\000\040\000T\000h\000e\000o\000r\000e\000m\000s}{chapter.6}% 23
\BOOKMARK [0][-]{chapter.7}{\376\377\000L\000i\000m\000i\000t\000s\000\040\000o\000f\000\040\000F\000u\000n\000c\000t\000i\000o\000n\000s}{part.2}% 24
\BOOKMARK [1][-]{section.7.1}{\376\377\000T\000h\000e\000\040\000e\000p\000s\000i\000l\000o\000n\000-\000d\000e\000l\000t\000a\000\040\000D\000e\000f\000i\000n\000i\000t\000i\000o\000n}{chapter.7}% 25
\BOOKMARK [1][-]{section.7.2}{\376\377\000O\000n\000e\000-\000s\000i\000d\000e\000d\000\040\000L\000i\000m\000i\000t\000s\000\040\000a\000n\000d\000\040\000L\000i\000m\000i\000t\000s\000\040\000a\000t\000\040\000I\000n\000f\000i\000n\000i\000t\000y}{chapter.7}% 26
\BOOKMARK [1][-]{section.7.3}{\376\377\000A\000l\000g\000e\000b\000r\000a\000\040\000o\000f\000\040\000F\000u\000n\000c\000t\000i\000o\000n\000a\000l\000\040\000L\000i\000m\000i\000t\000s}{chapter.7}% 27
\BOOKMARK [0][-]{chapter.8}{\376\377\000C\000o\000n\000t\000i\000n\000u\000i\000t\000y}{part.2}% 28
\BOOKMARK [1][-]{section.8.1}{\376\377\000C\000o\000n\000t\000i\000n\000u\000o\000u\000s\000\040\000F\000u\000n\000c\000t\000i\000o\000n\000s}{chapter.8}% 29
\BOOKMARK [1][-]{section.8.2}{\376\377\000P\000r\000o\000p\000e\000r\000t\000i\000e\000s\000\040\000o\000f\000\040\000C\000o\000n\000t\000i\000n\000u\000o\000u\000s\000\040\000F\000u\000n\000c\000t\000i\000o\000n\000s}{chapter.8}% 30
\BOOKMARK [1][-]{section.8.3}{\376\377\000T\000h\000e\000\040\000I\000n\000t\000e\000r\000m\000e\000d\000i\000a\000t\000e\000\040\000V\000a\000l\000u\000e\000\040\000T\000h\000e\000o\000r\000e\000m}{chapter.8}% 31
\BOOKMARK [1][-]{section.8.4}{\376\377\000U\000n\000i\000f\000o\000r\000m\000\040\000C\000o\000n\000t\000i\000n\000u\000i\000t\000y}{chapter.8}% 32
\BOOKMARK [1][-]{section.8.5}{\376\377\000P\000a\000t\000h\000o\000l\000o\000g\000i\000c\000a\000l\000\040\000E\000x\000a\000m\000p\000l\000e\000s}{chapter.8}% 33
\BOOKMARK [0][-]{chapter.9}{\376\377\000T\000o\000p\000o\000l\000o\000g\000y\000\040\000o\000f\000\040\000R}{part.2}% 34
\BOOKMARK [1][-]{section.9.1}{\376\377\000O\000p\000e\000n\000\040\000a\000n\000d\000\040\000C\000l\000o\000s\000e\000d\000\040\000S\000e\000t\000s}{chapter.9}% 35
\BOOKMARK [1][-]{section.9.2}{\376\377\000C\000o\000m\000p\000a\000c\000t\000n\000e\000s\000s}{chapter.9}% 36
\BOOKMARK [1][-]{section.9.3}{\376\377\000C\000o\000n\000n\000e\000c\000t\000e\000d\000n\000e\000s\000s}{chapter.9}% 37
\BOOKMARK [-1][-]{part.3}{\376\377\000I\000I\000I\000\040\000D\000i\000f\000f\000e\000r\000e\000n\000t\000i\000a\000l\000\040\000C\000a\000l\000c\000u\000l\000u\000s}{}% 38
\BOOKMARK [0][-]{chapter.10}{\376\377\000T\000h\000e\000\040\000D\000e\000r\000i\000v\000a\000t\000i\000v\000e}{part.3}% 39
\BOOKMARK [1][-]{section.10.1}{\376\377\000T\000h\000e\000\040\000D\000i\000f\000f\000e\000r\000e\000n\000c\000e\000\040\000Q\000u\000o\000t\000i\000e\000n\000t\000\040\000a\000n\000d\000\040\000t\000h\000e\000\040\000D\000e\000r\000i\000v\000a\000t\000i\000v\000e}{chapter.10}% 40
\BOOKMARK [1][-]{section.10.2}{\376\377\000D\000e\000r\000i\000v\000a\000t\000i\000v\000e\000s\000\040\000o\000f\000\040\000E\000l\000e\000m\000e\000n\000t\000a\000r\000y\000\040\000F\000u\000n\000c\000t\000i\000o\000n\000s}{chapter.10}% 41
\BOOKMARK [0][-]{chapter.11}{\376\377\000D\000i\000f\000f\000e\000r\000e\000n\000t\000i\000a\000t\000i\000o\000n\000\040\000R\000u\000l\000e\000s}{part.3}% 42
\BOOKMARK [1][-]{section.11.1}{\376\377\000T\000h\000e\000\040\000F\000o\000u\000r\000\040\000F\000u\000n\000d\000a\000m\000e\000n\000t\000a\000l\000\040\000R\000u\000l\000e\000s}{chapter.11}% 43
\BOOKMARK [1][-]{section.11.2}{\376\377\000I\000m\000p\000l\000i\000c\000i\000t\000\040\000a\000n\000d\000\040\000L\000o\000g\000a\000r\000i\000t\000h\000m\000i\000c\000\040\000D\000i\000f\000f\000e\000r\000e\000n\000t\000i\000a\000t\000i\000o\000n}{chapter.11}% 44
\BOOKMARK [0][-]{chapter.12}{\376\377\000M\000e\000a\000n\000\040\000V\000a\000l\000u\000e\000\040\000T\000h\000e\000o\000r\000e\000m\000s}{part.3}% 45
\BOOKMARK [1][-]{section.12.1}{\376\377\000R\000o\000l\000l\000e\000'\000s\000\040\000T\000h\000e\000o\000r\000e\000m\000\040\000a\000n\000d\000\040\000t\000h\000e\000\040\000M\000V\000T}{chapter.12}% 46
\BOOKMARK [1][-]{section.12.2}{\376\377\000L\000'\000H\000\364\000p\000i\000t\000a\000l\000'\000s\000\040\000R\000u\000l\000e}{chapter.12}% 47
\BOOKMARK [0][-]{chapter.13}{\376\377\000H\000i\000g\000h\000e\000r\000\040\000D\000e\000r\000i\000v\000a\000t\000i\000v\000e\000s\000\040\000a\000n\000d\000\040\000T\000a\000y\000l\000o\000r\000'\000s\000\040\000T\000h\000e\000o\000r\000e\000m}{part.3}% 48
\BOOKMARK [1][-]{section.13.1}{\376\377\000H\000i\000g\000h\000e\000r\000-\000O\000r\000d\000e\000r\000\040\000D\000e\000r\000i\000v\000a\000t\000i\000v\000e\000s}{chapter.13}% 49
\BOOKMARK [1][-]{section.13.2}{\376\377\000T\000a\000y\000l\000o\000r\000'\000s\000\040\000T\000h\000e\000o\000r\000e\000m}{chapter.13}% 50
\BOOKMARK [0][-]{chapter.14}{\376\377\000A\000p\000p\000l\000i\000c\000a\000t\000i\000o\000n\000s\000\040\000o\000f\000\040\000D\000i\000f\000f\000e\000r\000e\000n\000t\000i\000a\000t\000i\000o\000n}{part.3}% 51
\BOOKMARK [1][-]{section.14.1}{\376\377\000O\000p\000t\000i\000m\000i\000z\000a\000t\000i\000o\000n}{chapter.14}% 52
\BOOKMARK [1][-]{section.14.2}{\376\377\000N\000e\000w\000t\000o\000n\000'\000s\000\040\000M\000e\000t\000h\000o\000d}{chapter.14}% 53
\BOOKMARK [-1][-]{part.4}{\376\377\000I\000V\000\040\000I\000n\000t\000e\000g\000r\000a\000l\000\040\000C\000a\000l\000c\000u\000l\000u\000s}{}% 54
\BOOKMARK [0][-]{chapter.15}{\376\377\000T\000h\000e\000\040\000R\000i\000e\000m\000a\000n\000n\000\040\000I\000n\000t\000e\000g\000r\000a\000l}{part.4}% 55
\BOOKMARK [1][-]{section.15.1}{\376\377\000P\000a\000r\000t\000i\000t\000i\000o\000n\000s\000\040\000a\000n\000d\000\040\000R\000i\000e\000m\000a\000n\000n\000\040\000S\000u\000m\000s}{chapter.15}% 56
\BOOKMARK [1][-]{section.15.2}{\376\377\000P\000r\000o\000p\000e\000r\000t\000i\000e\000s\000\040\000o\000f\000\040\000t\000h\000e\000\040\000I\000n\000t\000e\000g\000r\000a\000l}{chapter.15}% 57
\BOOKMARK [0][-]{chapter.16}{\376\377\000T\000h\000e\000\040\000F\000u\000n\000d\000a\000m\000e\000n\000t\000a\000l\000\040\000T\000h\000e\000o\000r\000e\000m\000\040\000o\000f\000\040\000C\000a\000l\000c\000u\000l\000u\000s}{part.4}% 58
\BOOKMARK [1][-]{section.16.1}{\376\377\000F\000T\000C\000\040\000P\000a\000r\000t\000\040\0001\000:\000\040\000T\000h\000e\000\040\000I\000n\000t\000e\000g\000r\000a\000l\000\040\000a\000s\000\040\000a\000n\000\040\000A\000n\000t\000i\000d\000e\000r\000i\000v\000a\000t\000i\000v\000e}{chapter.16}% 59
\BOOKMARK [1][-]{section.16.2}{\376\377\000F\000T\000C\000\040\000P\000a\000r\000t\000\040\0002\000:\000\040\000T\000h\000e\000\040\000E\000v\000a\000l\000u\000a\000t\000i\000o\000n\000\040\000T\000h\000e\000o\000r\000e\000m}{chapter.16}% 60
\BOOKMARK [0][-]{chapter.17}{\376\377\000T\000e\000c\000h\000n\000i\000q\000u\000e\000s\000\040\000o\000f\000\040\000I\000n\000t\000e\000g\000r\000a\000t\000i\000o\000n}{part.4}% 61
\BOOKMARK [1][-]{section.17.1}{\376\377\000S\000u\000b\000s\000t\000i\000t\000u\000t\000i\000o\000n\000\040\000\050\000C\000h\000a\000n\000g\000e\000\040\000o\000f\000\040\000V\000a\000r\000i\000a\000b\000l\000e\000s\000\051}{chapter.17}% 62
\BOOKMARK [1][-]{section.17.2}{\376\377\000I\000n\000t\000e\000g\000r\000a\000t\000i\000o\000n\000\040\000b\000y\000\040\000P\000a\000r\000t\000s}{chapter.17}% 63
\BOOKMARK [1][-]{section.17.3}{\376\377\000P\000a\000r\000t\000i\000a\000l\000\040\000F\000r\000a\000c\000t\000i\000o\000n\000\040\000D\000e\000c\000o\000m\000p\000o\000s\000i\000t\000i\000o\000n}{chapter.17}% 64
\BOOKMARK [1][-]{section.17.4}{\376\377\000T\000r\000i\000g\000o\000n\000o\000m\000e\000t\000r\000i\000c\000\040\000S\000u\000b\000s\000t\000i\000t\000u\000t\000i\000o\000n\000s}{chapter.17}% 65
\BOOKMARK [1][-]{section.17.5}{\376\377\000T\000r\000i\000g\000o\000n\000o\000m\000e\000t\000r\000i\000c\000\040\000I\000n\000t\000e\000g\000r\000a\000l\000s}{chapter.17}% 66
\BOOKMARK [0][-]{chapter.18}{\376\377\000I\000m\000p\000r\000o\000p\000e\000r\000\040\000I\000n\000t\000e\000g\000r\000a\000l\000s}{part.4}% 67
\BOOKMARK [-1][-]{part.5}{\376\377\000V\000\040\000S\000e\000q\000u\000e\000n\000c\000e\000s\000\040\000a\000n\000d\000\040\000S\000e\000r\000i\000e\000s}{}% 68
\BOOKMARK [0][-]{chapter.19}{\376\377\000I\000n\000f\000i\000n\000i\000t\000e\000\040\000S\000e\000r\000i\000e\000s}{part.5}% 69
\BOOKMARK [1][-]{section.19.1}{\376\377\000C\000o\000n\000v\000e\000r\000g\000e\000n\000c\000e\000\040\000T\000e\000s\000t\000s}{chapter.19}% 70
\BOOKMARK [0][-]{chapter.20}{\376\377\000P\000o\000w\000e\000r\000\040\000S\000e\000r\000i\000e\000s}{part.5}% 71
\BOOKMARK [0][-]{chapter.21}{\376\377\000T\000a\000y\000l\000o\000r\000\040\000a\000n\000d\000\040\000M\000a\000c\000l\000a\000u\000r\000i\000n\000\040\000S\000e\000r\000i\000e\000s}{part.5}% 72
\BOOKMARK [-1][-]{part.6}{\376\377\000V\000I\000\040\000M\000u\000l\000t\000i\000v\000a\000r\000i\000a\000b\000l\000e\000\040\000C\000a\000l\000c\000u\000l\000u\000s}{}% 73
\BOOKMARK [0][-]{chapter.22}{\376\377\000R\000n\000\040\000a\000n\000d\000\040\000I\000t\000s\000\040\000T\000o\000p\000o\000l\000o\000g\000y}{part.6}% 74
\BOOKMARK [1][-]{section.22.1}{\376\377\000V\000e\000c\000t\000o\000r\000s\000\040\000i\000n\000\040\000R\000n}{chapter.22}% 75
\BOOKMARK [1][-]{section.22.2}{\376\377\000O\000p\000e\000n\000\040\000S\000e\000t\000s\000,\000\040\000C\000o\000n\000v\000e\000r\000g\000e\000n\000c\000e\000,\000\040\000a\000n\000d\000\040\000C\000o\000m\000p\000a\000c\000t\000n\000e\000s\000s\000\040\000i\000n\000\040\000R\000n}{chapter.22}% 76
\BOOKMARK [0][-]{chapter.23}{\376\377\000P\000a\000r\000t\000i\000a\000l\000\040\000D\000e\000r\000i\000v\000a\000t\000i\000v\000e\000s\000\040\000a\000n\000d\000\040\000D\000i\000f\000f\000e\000r\000e\000n\000t\000i\000a\000b\000i\000l\000i\000t\000y}{part.6}% 77
\BOOKMARK [1][-]{section.23.1}{\376\377\000P\000a\000r\000t\000i\000a\000l\000\040\000D\000e\000r\000i\000v\000a\000t\000i\000v\000e\000s}{chapter.23}% 78
\BOOKMARK [1][-]{section.23.2}{\376\377\000T\000o\000t\000a\000l\000\040\000D\000i\000f\000f\000e\000r\000e\000n\000t\000i\000a\000b\000i\000l\000i\000t\000y}{chapter.23}% 79
\BOOKMARK [0][-]{chapter.24}{\376\377\000T\000h\000e\000\040\000G\000r\000a\000d\000i\000e\000n\000t\000\040\000a\000n\000d\000\040\000D\000i\000r\000e\000c\000t\000i\000o\000n\000a\000l\000\040\000D\000e\000r\000i\000v\000a\000t\000i\000v\000e\000s}{part.6}% 80
\BOOKMARK [0][-]{chapter.25}{\376\377\000H\000i\000g\000h\000e\000r\000-\000O\000r\000d\000e\000r\000\040\000P\000a\000r\000t\000i\000a\000l\000s}{part.6}% 81
\BOOKMARK [0][-]{chapter.26}{\376\377\000M\000u\000l\000t\000i\000v\000a\000r\000i\000a\000b\000l\000e\000\040\000O\000p\000t\000i\000m\000i\000z\000a\000t\000i\000o\000n}{part.6}% 82
\BOOKMARK [1][-]{section.26.1}{\376\377\000C\000r\000i\000t\000i\000c\000a\000l\000\040\000P\000o\000i\000n\000t\000s\000\040\000a\000n\000d\000\040\000t\000h\000e\000\040\000S\000e\000c\000o\000n\000d\000\040\000D\000e\000r\000i\000v\000a\000t\000i\000v\000e\000\040\000T\000e\000s\000t}{chapter.26}% 83
\BOOKMARK [1][-]{section.26.2}{\376\377\000L\000a\000g\000r\000a\000n\000g\000e\000\040\000M\000u\000l\000t\000i\000p\000l\000i\000e\000r\000s}{chapter.26}% 84
\BOOKMARK [0][-]{chapter.27}{\376\377\000M\000u\000l\000t\000i\000p\000l\000e\000\040\000I\000n\000t\000e\000g\000r\000a\000l\000s}{part.6}% 85
\BOOKMARK [1][-]{section.27.1}{\376\377\000D\000o\000u\000b\000l\000e\000\040\000I\000n\000t\000e\000g\000r\000a\000l\000s\000\040\000a\000n\000d\000\040\000I\000t\000e\000r\000a\000t\000e\000d\000\040\000I\000n\000t\000e\000g\000r\000a\000t\000i\000o\000n}{chapter.27}% 86
\BOOKMARK [1][-]{section.27.2}{\376\377\000C\000h\000a\000n\000g\000e\000\040\000o\000f\000\040\000V\000a\000r\000i\000a\000b\000l\000e\000s\000\040\000i\000n\000\040\000R\000n}{chapter.27}% 87
\BOOKMARK [0][-]{chapter.28}{\376\377\000V\000e\000c\000t\000o\000r\000\040\000F\000i\000e\000l\000d\000s\000\040\000a\000n\000d\000\040\000L\000i\000n\000e\000\040\000I\000n\000t\000e\000g\000r\000a\000l\000s}{part.6}% 88
\BOOKMARK [0][-]{chapter.29}{\376\377\000S\000u\000r\000f\000a\000c\000e\000\040\000I\000n\000t\000e\000g\000r\000a\000l\000s}{part.6}% 89
\BOOKMARK [0][-]{chapter.30}{\376\377\000T\000h\000e\000\040\000T\000h\000r\000e\000e\000\040\000G\000r\000e\000a\000t\000\040\000T\000h\000e\000o\000r\000e\000m\000s}{part.6}% 90
\BOOKMARK [1][-]{section.30.1}{\376\377\000G\000r\000e\000e\000n\000'\000s\000\040\000T\000h\000e\000o\000r\000e\000m}{chapter.30}% 91
\BOOKMARK [1][-]{section.30.2}{\376\377\000S\000t\000o\000k\000e\000s\000'\000\040\000T\000h\000e\000o\000r\000e\000m}{chapter.30}% 92
\BOOKMARK [1][-]{section.30.3}{\376\377\000T\000h\000e\000\040\000D\000i\000v\000e\000r\000g\000e\000n\000c\000e\000\040\000T\000h\000e\000o\000r\000e\000m}{chapter.30}% 93
\BOOKMARK [1][-]{section.30.4}{\376\377\000U\000n\000i\000f\000i\000c\000a\000t\000i\000o\000n\000:\000\040\000G\000e\000n\000e\000r\000a\000l\000i\000s\000e\000d\000\040\000S\000t\000o\000k\000e\000s\000'\000\040\000T\000h\000e\000o\000r\000e\000m}{chapter.30}% 94
\BOOKMARK [-1][-]{part.7}{\376\377\000V\000I\000I\000\040\000T\000h\000e\000\040\000C\000a\000p\000s\000t\000o\000n\000e\000:\000\040\000S\000y\000m\000b\000o\000l\000i\000c\000u\000l\000u\000s}{}% 95
\BOOKMARK [0][-]{chapter.31}{\376\377\000E\000x\000p\000r\000e\000s\000s\000i\000o\000n\000\040\000T\000r\000e\000e\000s}{part.7}% 96
\BOOKMARK [1][-]{section.31.1}{\376\377\000T\000h\000e\000\040\000t\000e\000a\000l\000a\000c\000c\000e\000n\000t\000E\000x\000p\000r\000\040\000I\000n\000d\000u\000c\000t\000i\000v\000e\000\040\000T\000y\000p\000e}{chapter.31}% 97
\BOOKMARK [1][-]{section.31.2}{\376\377\000E\000v\000a\000l\000u\000a\000t\000i\000o\000n}{chapter.31}% 98
\BOOKMARK [1][-]{section.31.3}{\376\377\000P\000r\000e\000t\000t\000y\000-\000P\000r\000i\000n\000t\000i\000n\000g}{chapter.31}% 99
\BOOKMARK [1][-]{section.31.4}{\376\377\000P\000a\000r\000s\000i\000n\000g}{chapter.31}% 100
\BOOKMARK [1][-]{section.31.5}{\376\377\000A\000l\000g\000e\000b\000r\000a\000i\000c\000\040\000S\000i\000m\000p\000l\000i\000f\000i\000c\000a\000t\000i\000o\000n}{chapter.31}% 101
\BOOKMARK [0][-]{chapter.32}{\376\377\000T\000h\000e\000\040\000D\000i\000f\000f\000e\000r\000e\000n\000t\000i\000a\000t\000i\000o\000n\000\040\000E\000n\000g\000i\000n\000e}{part.7}% 102
\BOOKMARK [1][-]{section.32.1}{\376\377\000T\000h\000e\000\040\000t\000e\000a\000l\000a\000c\000c\000e\000n\000t\000D\000i\000f\000f\000S\000t\000e\000p\000\040\000T\000r\000a\000c\000e\000\040\000T\000y\000p\000e}{chapter.32}% 103
\BOOKMARK [1][-]{section.32.2}{\376\377\000T\000h\000e\000\040\000t\000e\000a\000l\000a\000c\000c\000e\000n\000t\000d\000i\000f\000f\000\040\000F\000u\000n\000c\000t\000i\000o\000n}{chapter.32}% 104
\BOOKMARK [1][-]{section.32.3}{\376\377\000R\000e\000n\000d\000e\000r\000i\000n\000g\000\040\000t\000h\000e\000\040\000T\000r\000a\000c\000e}{chapter.32}% 105
\BOOKMARK [0][-]{chapter.33}{\376\377\000T\000h\000e\000\040\000I\000n\000t\000e\000g\000r\000a\000t\000i\000o\000n\000\040\000E\000n\000g\000i\000n\000e}{part.7}% 106
\BOOKMARK [1][-]{section.33.1}{\376\377\000S\000t\000r\000a\000t\000e\000g\000i\000e\000s\000\040\000a\000n\000d\000\040\000t\000h\000e\000\040\000t\000e\000a\000l\000a\000c\000c\000e\000n\000t\000I\000n\000t\000S\000t\000e\000p\000\040\000T\000r\000a\000c\000e}{chapter.33}% 107
\BOOKMARK [1][-]{section.33.2}{\376\377\000D\000i\000r\000e\000c\000t\000\040\000L\000o\000o\000k\000u\000p\000\040\000T\000a\000b\000l\000e}{chapter.33}% 108
\BOOKMARK [1][-]{section.33.3}{\376\377\000U\000-\000S\000u\000b\000s\000t\000i\000t\000u\000t\000i\000o\000n\000\040\000D\000e\000t\000e\000c\000t\000o\000r}{chapter.33}% 109
\BOOKMARK [1][-]{section.33.4}{\376\377\000I\000n\000t\000e\000g\000r\000a\000t\000i\000o\000n\000\040\000b\000y\000\040\000P\000a\000r\000t\000s\000\040\000H\000e\000u\000r\000i\000s\000t\000i\000c}{chapter.33}% 110
\BOOKMARK [1][-]{section.33.5}{\376\377\000T\000o\000p\000-\000L\000e\000v\000e\000l\000\040\000t\000e\000a\000l\000a\000c\000c\000e\000n\000t\000i\000n\000t\000e\000g\000r\000a\000t\000e\000\040\000D\000i\000s\000p\000a\000t\000c\000h\000e\000r}{chapter.33}% 111
\BOOKMARK [0][-]{chapter.34}{\376\377\000S\000t\000e\000p\000-\000b\000y\000-\000S\000t\000e\000p\000\040\000T\000r\000a\000c\000e\000\040\000R\000e\000n\000d\000e\000r\000i\000n\000g}{part.7}% 112
\BOOKMARK [1][-]{section.34.1}{\376\377\000T\000h\000e\000\040\000t\000e\000a\000l\000a\000c\000c\000e\000n\000t\000S\000o\000l\000v\000e\000T\000r\000a\000c\000e\000\040\000R\000o\000s\000e\000\040\000T\000r\000e\000e}{chapter.34}% 113
\BOOKMARK [1][-]{section.34.2}{\376\377\000R\000e\000n\000d\000e\000r\000i\000n\000g\000\040\000t\000o\000\040\000T\000e\000x\000t}{chapter.34}% 114
\BOOKMARK [0][-]{chapter.35}{\376\377\000T\000h\000e\000\040\000C\000L\000I}{part.7}% 115
\BOOKMARK [1][-]{section.35.1}{\376\377\000L\000a\000k\000e\000\040\000P\000r\000o\000j\000e\000c\000t\000\040\000S\000t\000r\000u\000c\000t\000u\000r\000e}{chapter.35}% 116
\BOOKMARK [1][-]{section.35.2}{\376\377\000t\000e\000a\000l\000a\000c\000c\000e\000n\000t\000M\000a\000i\000n\000.\000l\000e\000a\000n\000\040\040\024\000\040\000A\000r\000g\000u\000m\000e\000n\000t\000\040\000P\000a\000r\000s\000i\000n\000g\000\040\000a\000n\000d\000\040\000E\000n\000t\000r\000y\000\040\000P\000o\000i\000n\000t}{chapter.35}% 117
\BOOKMARK [1][-]{section.35.3}{\376\377\000B\000u\000i\000l\000d\000i\000n\000g\000\040\000a\000n\000d\000\040\000R\000u\000n\000n\000i\000n\000g}{chapter.35}% 118
\BOOKMARK [0][-]{chapter.36}{\376\377\000C\000o\000r\000r\000e\000c\000t\000n\000e\000s\000s\000,\000\040\000I\000n\000c\000o\000m\000p\000l\000e\000t\000e\000n\000e\000s\000s\000,\000\040\000a\000n\000d\000\040\000W\000h\000a\000t\000\040\000C\000o\000m\000e\000s\000\040\000N\000e\000x\000t}{part.7}% 119
\BOOKMARK [1][-]{section.36.1}{\376\377\000W\000h\000a\000t\000\040\000W\000e\000\040\000C\000a\000n\000\040\000P\000r\000o\000v\000e\000:\000\040\000C\000o\000r\000r\000e\000c\000t\000n\000e\000s\000s\000\040\000o\000f\000\040\000D\000i\000f\000f\000e\000r\000e\000n\000t\000i\000a\000t\000i\000o\000n}{chapter.36}% 120
\BOOKMARK [1][-]{section.36.2}{\376\377\000W\000h\000a\000t\000\040\000W\000e\000\040\000C\000a\000n\000n\000o\000t\000\040\000D\000e\000c\000i\000d\000e\000:\000\040\000T\000h\000e\000\040\000R\000i\000s\000c\000h\000\040\000A\000l\000g\000o\000r\000i\000t\000h\000m}{chapter.36}% 121
\BOOKMARK [1][-]{section.36.3}{\376\377\000C\000o\000n\000n\000e\000c\000t\000i\000o\000n\000s\000\040\000t\000o\000\040\000N\000e\000i\000g\000h\000b\000o\000u\000r\000i\000n\000g\000\040\000F\000i\000e\000l\000d\000s}{chapter.36}% 122
\BOOKMARK [1][-]{section.36.4}{\376\377\000O\000p\000e\000n\000\040\000P\000r\000o\000b\000l\000e\000m\000s\000\040\000a\000n\000d\000\040\000E\000x\000t\000e\000n\000s\000i\000o\000n\000s}{chapter.36}% 123
\BOOKMARK [0][-]{chapter.A}{\376\377\000A\000\040\000L\000e\000a\000n\000\040\0004\000\040\000P\000r\000i\000m\000e\000r}{part.7}% 124
\BOOKMARK [1][-]{section.A.1}{\376\377\000D\000e\000c\000l\000a\000r\000a\000t\000i\000o\000n\000s}{chapter.A}% 125
\BOOKMARK [1][-]{section.A.2}{\376\377\000C\000o\000r\000e\000\040\000T\000a\000c\000t\000i\000c\000s}{chapter.A}% 126
\BOOKMARK [1][-]{section.A.3}{\376\377\000Q\000u\000o\000t\000i\000e\000n\000t\000s\000:\000\040\000t\000e\000a\000l\000a\000c\000c\000e\000n\000t\000Q\000u\000o\000t\000,\000\040\000t\000e\000a\000l\000a\000c\000c\000e\000n\000t\000Q\000u\000o\000t\000.\000m\000k\000,\000\040\000t\000e\000a\000l\000a\000c\000c\000e\000n\000t\000Q\000u\000o\000t\000.\000l\000i\000f\000t\000,\000\040\000t\000e\000a\000l\000a\000c\000c\000e\000n\000t\000Q\000u\000o\000t\000.\000s\000o\000u\000n\000d}{chapter.A}% 127
\BOOKMARK [1][-]{section.A.4}{\376\377\000M\000a\000t\000h\000l\000i\000b\000\040\000T\000a\000c\000t\000i\000c\000s\000\040\000\050\000P\000a\000r\000t\000s\000\040\000I\000I\040\023\000V\000I\000I\000\051}{chapter.A}% 128
